

================================================================
== Vivado HLS Report for 'FFT_DIT4_FUNC'
================================================================
* Date:           Thu Mar 16 09:35:57 2017

* Version:        2016.1 (Build 1538259 on Fri Apr 08 16:12:49 MDT 2016)
* Project:        FFT_DIT4_v1
* Solution:       sol_pipe_top
* Product family: kintex7
* Target device:  xc7k325tffg900-2


================================================================
== Performance Estimates
================================================================
+ Timing (ns): 
    * Summary: 
    +--------+-------+----------+------------+
    |  Clock | Target| Estimated| Uncertainty|
    +--------+-------+----------+------------+
    |ap_clk  |  10.00|     14.86|        1.25|
    +--------+-------+----------+------------+

+ Latency (clock cycles): 
    * Summary: 
    +-----+-----+-----+-----+---------+
    |  Latency  |  Interval | Pipeline|
    | min | max | min | max |   Type  |
    +-----+-----+-----+-----+---------+
    |  144|  144|  145|  145|   none  |
    +-----+-----+-----+-----+---------+

    + Detail: 
        * Instance: 
        N/A

        * Loop: 
        +-------------+-----+-----+----------+-----------+-----------+------+----------+
        |             |  Latency  | Iteration|  Initiation Interval  | Trip |          |
        |  Loop Name  | min | max |  Latency |  achieved |   target  | Count| Pipelined|
        +-------------+-----+-----+----------+-----------+-----------+------+----------+
        |- Main_loop  |  142|  142|        71|         71|          1|     2|    yes   |
        +-------------+-----+-----+----------+-----------+-----------+------+----------+



================================================================
== Utilization Estimates
================================================================
* Summary: 
+-----------------+---------+-------+--------+--------+
|       Name      | BRAM_18K| DSP48E|   FF   |   LUT  |
+-----------------+---------+-------+--------+--------+
|DSP              |        -|      -|       -|       -|
|Expression       |        -|      6|       0|     194|
|FIFO             |        -|      -|       -|       -|
|Instance         |        -|     24|    1874|    1824|
|Memory           |        0|      -|      64|      16|
|Multiplexer      |        -|      -|       -|    1291|
|Register         |        -|      -|    1761|       -|
+-----------------+---------+-------+--------+--------+
|Total            |        0|     30|    3699|    3325|
+-----------------+---------+-------+--------+--------+
|Available        |      890|    840|  407600|  203800|
+-----------------+---------+-------+--------+--------+
|Utilization (%)  |        0|      3|   ~0   |       1|
+-----------------+---------+-------+--------+--------+

+ Detail: 
    * Instance: 
    +---------------------------------------------------+------------------------------------------------+---------+-------+-----+-----+
    |                      Instance                     |                     Module                     | BRAM_18K| DSP48E|  FF | LUT |
    +---------------------------------------------------+------------------------------------------------+---------+-------+-----+-----+
    |FFT_DIT4_FUNC_fadd_32ns_32ns_32_4_full_dsp_U5      |FFT_DIT4_FUNC_fadd_32ns_32ns_32_4_full_dsp      |        0|      2|  227|  214|
    |FFT_DIT4_FUNC_faddfsub_32ns_32ns_32_4_full_dsp_U0  |FFT_DIT4_FUNC_faddfsub_32ns_32ns_32_4_full_dsp  |        0|      2|  227|  214|
    |FFT_DIT4_FUNC_faddfsub_32ns_32ns_32_4_full_dsp_U1  |FFT_DIT4_FUNC_faddfsub_32ns_32ns_32_4_full_dsp  |        0|      2|  227|  214|
    |FFT_DIT4_FUNC_faddfsub_32ns_32ns_32_4_full_dsp_U2  |FFT_DIT4_FUNC_faddfsub_32ns_32ns_32_4_full_dsp  |        0|      2|  227|  214|
    |FFT_DIT4_FUNC_faddfsub_32ns_32ns_32_4_full_dsp_U3  |FFT_DIT4_FUNC_faddfsub_32ns_32ns_32_4_full_dsp  |        0|      2|  227|  214|
    |FFT_DIT4_FUNC_fmul_32ns_32ns_32_2_max_dsp_U6       |FFT_DIT4_FUNC_fmul_32ns_32ns_32_2_max_dsp       |        0|      3|  128|  135|
    |FFT_DIT4_FUNC_fmul_32ns_32ns_32_2_max_dsp_U7       |FFT_DIT4_FUNC_fmul_32ns_32ns_32_2_max_dsp       |        0|      3|  128|  135|
    |FFT_DIT4_FUNC_fmul_32ns_32ns_32_2_max_dsp_U8       |FFT_DIT4_FUNC_fmul_32ns_32ns_32_2_max_dsp       |        0|      3|  128|  135|
    |FFT_DIT4_FUNC_fmul_32ns_32ns_32_2_max_dsp_U9       |FFT_DIT4_FUNC_fmul_32ns_32ns_32_2_max_dsp       |        0|      3|  128|  135|
    |FFT_DIT4_FUNC_fsub_32ns_32ns_32_4_full_dsp_U4      |FFT_DIT4_FUNC_fsub_32ns_32ns_32_4_full_dsp      |        0|      2|  227|  214|
    +---------------------------------------------------+------------------------------------------------+---------+-------+-----+-----+
    |Total                                              |                                                |        0|     24| 1874| 1824|
    +---------------------------------------------------+------------------------------------------------+---------+-------+-----+-----+

    * DSP48: 
    N/A

    * Memory: 
    +-------+-------------------+---------+----+----+------+-----+------+-------------+
    | Memory|       Module      | BRAM_18K| FF | LUT| Words| Bits| Banks| W*Bits*Banks|
    +-------+-------------------+---------+----+----+------+-----+------+-------------+
    |wni_U  |FFT_DIT4_FUNC_wni  |        0|  32|   8|    16|   32|     1|          512|
    |wnr_U  |FFT_DIT4_FUNC_wnr  |        0|  32|   8|    16|   32|     1|          512|
    +-------+-------------------+---------+----+----+------+-----+------+-------------+
    |Total  |                   |        0|  64|  16|    32|   64|     2|         1024|
    +-------+-------------------+---------+----+----+------+-----+------+-------------+

    * FIFO: 
    N/A

    * Expression: 
    +-------------------------+----------+-------+---+----+------------+------------+
    |      Variable Name      | Operation| DSP48E| FF| LUT| Bitwidth P0| Bitwidth P1|
    +-------------------------+----------+-------+---+----+------------+------------+
    |q_1_fu_924_p2            |     *    |      1|  0|   4|           3|           2|
    |q_2_fu_1022_p2           |     *    |      1|  0|   4|           3|           2|
    |q_3_fu_1097_p2           |     *    |      1|  0|   4|           3|           2|
    |tmp_3_1_cast_fu_961_p2   |     *    |      1|  0|   5|           5|           3|
    |tmp_3_2_cast_fu_1046_p2  |     *    |      1|  0|   5|           5|           4|
    |tmp_3_3_cast_fu_1130_p2  |     *    |      1|  0|   5|           5|           5|
    |l_assign_1_fu_1052_p2    |     +    |      0|  0|   8|           8|           8|
    |l_assign_2_fu_1136_p2    |     +    |      0|  0|   9|           9|           9|
    |l_assign_fu_967_p2       |     +    |      0|  0|   7|           7|           7|
    |m_fu_786_p2              |     +    |      0|  0|   2|           2|           1|
    |tmp_5_i_cast_fu_909_p2   |     +    |      0|  0|   2|           2|           2|
    |tmp_9_i1_fu_1208_p2      |     +    |      0|  0|   7|           7|           7|
    |tmp_9_i2_fu_1235_p2      |     +    |      0|  0|   7|           7|           7|
    |tmp_9_i3_fu_1256_p2      |     +    |      0|  0|   8|           8|           8|
    |tmp_9_i4_fu_1271_p2      |     +    |      0|  0|   8|           8|           8|
    |tmp_9_i5_fu_1298_p2      |     +    |      0|  0|   8|           8|           8|
    |tmp_9_i6_fu_1319_p2      |     +    |      0|  0|   9|           9|           9|
    |tmp_9_i7_fu_1334_p2      |     +    |      0|  0|   9|           9|           9|
    |tmp_9_i8_fu_1361_p2      |     +    |      0|  0|   9|           9|           9|
    |tmp_9_i_fu_1193_p2       |     +    |      0|  0|   7|           7|           7|
    |tmp_1_1_fu_949_p2        |     -    |      0|  0|   3|           1|           3|
    |tmp_1_2_fu_1034_p2       |     -    |      0|  0|   4|           2|           4|
    |tmp_1_3_fu_1118_p2       |     -    |      0|  0|   5|           2|           5|
    |tmp_36_1_fu_1003_p2      |     -    |      0|  0|   6|           6|           6|
    |tmp_36_2_fu_1088_p2      |     -    |      0|  0|   7|           7|           7|
    |tmp_36_3_fu_1172_p2      |     -    |      0|  0|   7|           7|           7|
    |tmp_8_i1_fu_897_p2       |     -    |      0|  0|   5|           5|           5|
    |x_assign_fu_792_p2       |     -    |      0|  0|   2|           1|           2|
    |exitcond1_fu_780_p2      |   icmp   |      0|  0|   2|           2|           3|
    |tmp_6_i1_fu_940_p2       |   lshr   |      0|  0|   3|           3|           2|
    |tmp_6_i2_fu_986_p2       |   lshr   |      0|  0|   2|           2|           2|
    |tmp_6_i_fu_914_p2        |   lshr   |      0|  0|   2|           1|           2|
    |tmp_1_i1_fu_871_p2       |    shl   |      0|  0|   3|           1|           3|
    |tmp_1_i_fu_802_p2        |    shl   |      0|  0|   2|           1|           2|
    |tmp_1_i_i_fu_822_p2      |    shl   |      0|  0|   2|           1|           2|
    |tmp_2_i1_fu_881_p2       |    shl   |      0|  0|   6|           5|           5|
    |tmp_2_i_fu_812_p2        |    shl   |      0|  0|   3|           3|           3|
    |tmp_2_i_i_fu_832_p2      |    shl   |      0|  0|   3|           3|           3|
    +-------------------------+----------+-------+---+----+------------+------------+
    |Total                    |          |      6|  0| 194|         177|         183|
    +-------------------------+----------+-------+---+----+------------+------------+

    * Multiplexer: 
    +-------------------+-----+-----------+-----+-----------+
    |        Name       | LUT | Input Size| Bits| Total Bits|
    +-------------------+-----+-----------+-----+-----------+
    |ap_NS_fsm          |  161|         74|    1|         74|
    |grp_fu_499_opcode  |    2|          3|    2|          6|
    |grp_fu_499_p0      |   96|         13|   32|        416|
    |grp_fu_499_p1      |   64|         11|   32|        352|
    |grp_fu_503_opcode  |    2|          3|    2|          6|
    |grp_fu_503_p0      |   96|         14|   32|        448|
    |grp_fu_503_p1      |   64|         11|   32|        352|
    |grp_fu_507_opcode  |    2|          3|    2|          6|
    |grp_fu_507_p0      |   32|          5|   32|        160|
    |grp_fu_507_p1      |   32|          5|   32|        160|
    |grp_fu_512_opcode  |    2|          3|    2|          6|
    |grp_fu_512_p0      |   32|          5|   32|        160|
    |grp_fu_512_p1      |   32|          5|   32|        160|
    |grp_fu_517_p0      |   32|          3|   32|         96|
    |grp_fu_521_p0      |   32|          3|   32|         96|
    |grp_fu_537_p0      |   32|          7|   32|        224|
    |grp_fu_537_p1      |   64|         11|   32|        352|
    |grp_fu_544_p0      |   32|          7|   32|        224|
    |grp_fu_544_p1      |   64|         11|   32|        352|
    |grp_fu_555_p0      |   32|          4|   32|        128|
    |grp_fu_555_p1      |   64|         10|   32|        320|
    |grp_fu_561_p0      |   32|          4|   32|        128|
    |grp_fu_561_p1      |   64|         10|   32|        320|
    |m_assign_reg_488   |    2|          2|    2|          4|
    |reg_604            |   32|          2|   32|         64|
    |reg_614            |   32|          2|   32|         64|
    |wni_address0       |    8|         10|    4|         40|
    |wnr_address0       |    8|         10|    4|         40|
    |xci_address0       |   20|         16|    4|         64|
    |xci_address1       |   20|         17|    4|         68|
    |xci_d0             |   32|          3|   32|         96|
    |xcr_address0       |   20|         16|    4|         64|
    |xcr_address1       |   20|         17|    4|         68|
    |xcr_d0             |   32|          3|   32|         96|
    +-------------------+-----+-----------+-----+-----------+
    |Total              | 1291|        323|  739|       5214|
    +-------------------+-----+-----------+-----+-----------+

    * Register: 
    +------------------------+----+----+-----+-----------+
    |          Name          | FF | LUT| Bits| Const Bits|
    +------------------------+----+----+-----+-----------+
    |ap_CS_fsm               |  73|   0|   73|          0|
    |l_assign_1_reg_1609     |   8|   0|    8|          0|
    |l_assign_2_reg_1689     |   9|   0|    9|          0|
    |l_assign_reg_1526       |   7|   0|    7|          0|
    |m_assign_reg_488        |   2|   0|    2|          0|
    |m_reg_1389              |   2|   0|    2|          0|
    |q_1_reg_1486            |   5|   0|    5|          0|
    |q_2_reg_1584            |   5|   0|    5|          0|
    |q_3_reg_1654            |   5|   0|    5|          0|
    |reg_567                 |  32|   0|   32|          0|
    |reg_577                 |  32|   0|   32|          0|
    |reg_588                 |  32|   0|   32|          0|
    |reg_596                 |  32|   0|   32|          0|
    |reg_604                 |  32|   0|   32|          0|
    |reg_614                 |  32|   0|   32|          0|
    |reg_636                 |  32|   0|   32|          0|
    |reg_642                 |  32|   0|   32|          0|
    |reg_648                 |  32|   0|   32|          0|
    |reg_654                 |  32|   0|   32|          0|
    |reg_660                 |  32|   0|   32|          0|
    |reg_668                 |  32|   0|   32|          0|
    |reg_676                 |  32|   0|   32|          0|
    |reg_683                 |  32|   0|   32|          0|
    |reg_690                 |  32|   0|   32|          0|
    |reg_697                 |  32|   0|   32|          0|
    |reg_704                 |  32|   0|   32|          0|
    |reg_710                 |  32|   0|   32|          0|
    |reg_716                 |  32|   0|   32|          0|
    |reg_722                 |  32|   0|   32|          0|
    |reg_728                 |  32|   0|   32|          0|
    |reg_734                 |  32|   0|   32|          0|
    |reg_760                 |  32|   0|   32|          0|
    |reg_765                 |  32|   0|   32|          0|
    |reg_770                 |  32|   0|   32|          0|
    |reg_775                 |  32|   0|   32|          0|
    |tmp_2_i1_reg_1452       |   5|   0|    5|          0|
    |tmp_2_i_i_reg_1401      |   3|   0|    3|          0|
    |tmp_2_i_reg_1396        |   3|   0|    3|          0|
    |tmp_36_2_reg_1649       |   7|   0|    7|          0|
    |tmp_36_3_reg_1741       |   7|   0|    7|          0|
    |tmp_40_reg_1492         |   3|   0|    3|          0|
    |tmp_42_reg_1591         |   4|   0|    4|          0|
    |tmp_44_reg_1662         |   4|   0|    4|          0|
    |tmp_5_i_cast_reg_1476   |   2|   0|    2|          0|
    |tmp_6_i1_reg_1508       |   2|   0|    2|          0|
    |tmp_6_i2_reg_1556       |   2|   0|    2|          0|
    |tmp_6_i_reg_1481        |   2|   0|    2|          0|
    |tmp_8_i1_reg_1459       |   5|   0|    5|          0|
    |tmp_8_i_reg_1422        |   3|   0|    4|          1|
    |tmp_reg_1441            |   2|   0|    2|          0|
    |wni_load_1_reg_1568     |  32|   0|   32|          0|
    |wni_load_2_reg_1603     |  32|   0|   32|          0|
    |wni_load_3_reg_1725     |  32|   0|   32|          0|
    |wni_load_4_reg_1633     |  32|   0|   32|          0|
    |wni_load_5_reg_1673     |  32|   0|   32|          0|
    |wni_load_6_reg_1703     |  32|   0|   32|          0|
    |wni_load_7_reg_1752     |  32|   0|   32|          0|
    |wni_load_8_reg_1774     |  32|   0|   32|          0|
    |wni_load_reg_1540       |  32|   0|   32|          0|
    |wnr_load_1_reg_1562     |  32|   0|   32|          0|
    |wnr_load_2_reg_1597     |  32|   0|   32|          0|
    |wnr_load_3_reg_1719     |  32|   0|   32|          0|
    |wnr_load_4_reg_1627     |  32|   0|   32|          0|
    |wnr_load_5_reg_1667     |  32|   0|   32|          0|
    |wnr_load_6_reg_1697     |  32|   0|   32|          0|
    |wnr_load_7_reg_1746     |  32|   0|   32|          0|
    |wnr_load_8_reg_1768     |  32|   0|   32|          0|
    |wnr_load_reg_1534       |  32|   0|   32|          0|
    |xci_addr_10_reg_1842    |   4|   0|    4|          0|
    |xci_addr_11_reg_1863    |   4|   0|    4|          0|
    |xci_addr_12_reg_1897    |   4|   0|    4|          0|
    |xci_addr_13_reg_1874    |   4|   0|    4|          0|
    |xci_addr_14_reg_1886    |   4|   0|    4|          0|
    |xci_addr_15_reg_1907    |   4|   0|    4|          0|
    |xci_addr_1_reg_1416     |   3|   0|    4|          1|
    |xci_addr_2_reg_1435     |   3|   0|    4|          1|
    |xci_addr_3_reg_1471     |   4|   0|    4|          0|
    |xci_addr_4_reg_1809     |   4|   0|    4|          0|
    |xci_addr_5_reg_1786     |   4|   0|    4|          0|
    |xci_addr_6_reg_1798     |   4|   0|    4|          0|
    |xci_addr_7_reg_1819     |   4|   0|    4|          0|
    |xci_addr_8_reg_1853     |   4|   0|    4|          0|
    |xci_addr_9_reg_1830     |   4|   0|    4|          0|
    |xci_load_3_reg_1520     |  32|   0|   32|          0|
    |xcr_addr_10_reg_1836    |   4|   0|    4|          0|
    |xcr_addr_11_reg_1858    |   4|   0|    4|          0|
    |xcr_addr_12_reg_1892    |   4|   0|    4|          0|
    |xcr_addr_13_reg_1868    |   4|   0|    4|          0|
    |xcr_addr_14_reg_1880    |   4|   0|    4|          0|
    |xcr_addr_15_reg_1902    |   4|   0|    4|          0|
    |xcr_addr_1_reg_1410     |   3|   0|    4|          1|
    |xcr_addr_2_reg_1429     |   3|   0|    4|          1|
    |xcr_addr_3_reg_1466     |   4|   0|    4|          0|
    |xcr_addr_4_reg_1804     |   4|   0|    4|          0|
    |xcr_addr_5_reg_1780     |   4|   0|    4|          0|
    |xcr_addr_6_reg_1792     |   4|   0|    4|          0|
    |xcr_addr_7_reg_1814     |   4|   0|    4|          0|
    |xcr_addr_8_reg_1848     |   4|   0|    4|          0|
    |xcr_addr_9_reg_1824     |   4|   0|    4|          0|
    |xcr_load_3_reg_1514     |  32|   0|   32|          0|
    |y_assign_cast_reg_1446  |   3|   0|    5|          2|
    +------------------------+----+----+-----+-----------+
    |Total                   |1761|   0| 1768|          7|
    +------------------------+----+----+-----+-----------+



================================================================
== Interface
================================================================
* Summary: 
+--------------+-----+-----+------------+---------------+--------------+
|   RTL Ports  | Dir | Bits|  Protocol  | Source Object |    C Type    |
+--------------+-----+-----+------------+---------------+--------------+
|ap_clk        |  in |    1| ap_ctrl_hs | FFT_DIT4_FUNC | return value |
|ap_rst        |  in |    1| ap_ctrl_hs | FFT_DIT4_FUNC | return value |
|ap_start      |  in |    1| ap_ctrl_hs | FFT_DIT4_FUNC | return value |
|ap_done       | out |    1| ap_ctrl_hs | FFT_DIT4_FUNC | return value |
|ap_idle       | out |    1| ap_ctrl_hs | FFT_DIT4_FUNC | return value |
|ap_ready      | out |    1| ap_ctrl_hs | FFT_DIT4_FUNC | return value |
|xcr_address0  | out |    4|  ap_memory |      xcr      |     array    |
|xcr_ce0       | out |    1|  ap_memory |      xcr      |     array    |
|xcr_we0       | out |    1|  ap_memory |      xcr      |     array    |
|xcr_d0        | out |   32|  ap_memory |      xcr      |     array    |
|xcr_q0        |  in |   32|  ap_memory |      xcr      |     array    |
|xcr_address1  | out |    4|  ap_memory |      xcr      |     array    |
|xcr_ce1       | out |    1|  ap_memory |      xcr      |     array    |
|xcr_we1       | out |    1|  ap_memory |      xcr      |     array    |
|xcr_d1        | out |   32|  ap_memory |      xcr      |     array    |
|xcr_q1        |  in |   32|  ap_memory |      xcr      |     array    |
|xci_address0  | out |    4|  ap_memory |      xci      |     array    |
|xci_ce0       | out |    1|  ap_memory |      xci      |     array    |
|xci_we0       | out |    1|  ap_memory |      xci      |     array    |
|xci_d0        | out |   32|  ap_memory |      xci      |     array    |
|xci_q0        |  in |   32|  ap_memory |      xci      |     array    |
|xci_address1  | out |    4|  ap_memory |      xci      |     array    |
|xci_ce1       | out |    1|  ap_memory |      xci      |     array    |
|xci_we1       | out |    1|  ap_memory |      xci      |     array    |
|xci_d1        | out |   32|  ap_memory |      xci      |     array    |
|xci_q1        |  in |   32|  ap_memory |      xci      |     array    |
+--------------+-----+-----+------------+---------------+--------------+

