

================================================================
== Vivado HLS Report for 'bubbleSort'
================================================================
* Date:           Thu Jul 15 21:02:19 2021

* Version:        2016.1 (Build 1538259 on Fri Apr 08 16:12:49 MDT 2016)
* Project:        bubbleSort
* Solution:       solution1
* Product family: artix7
* Target device:  xc7a100tcsg324-1


================================================================
== Performance Estimates
================================================================
+ Timing (ns): 
    * Summary: 
    +--------+-------+----------+------------+
    |  Clock | Target| Estimated| Uncertainty|
    +--------+-------+----------+------------+
    |ap_clk  |  10.00|      5.16|        1.25|
    +--------+-------+----------+------------+

+ Latency (clock cycles): 
    * Summary: 
    +-----+-----+-----+-----+---------+
    |  Latency  |  Interval | Pipeline|
    | min | max | min | max |   Type  |
    +-----+-----+-----+-----+---------+
    |    2|  514|    3|  515|   none  |
    +-----+-----+-----+-----+---------+

    + Detail: 
        * Instance: 
        N/A

        * Loop: 
        +-------------+-----+-----+----------+-----------+-----------+--------+----------+
        |             |  Latency  | Iteration|  Initiation Interval  |  Trip  |          |
        |  Loop Name  | min | max |  Latency |  achieved |   target  |  Count | Pipelined|
        +-------------+-----+-----+----------+-----------+-----------+--------+----------+
        |- Loop 1     |   32|  512|  2 ~ 32  |          -|          -|      16|    no    |
        | + Loop 1.1  |    0|   30|         2|          -|          -| 0 ~ 15 |    no    |
        +-------------+-----+-----+----------+-----------+-----------+--------+----------+



================================================================
== Utilization Estimates
================================================================
* Summary: 
+-----------------+---------+-------+--------+-------+
|       Name      | BRAM_18K| DSP48E|   FF   |  LUT  |
+-----------------+---------+-------+--------+-------+
|DSP              |        -|      -|       -|      -|
|Expression       |        -|      -|       0|     17|
|FIFO             |        -|      -|       -|      -|
|Instance         |        -|      -|       -|      -|
|Memory           |        -|      -|       -|      -|
|Multiplexer      |        -|      -|       -|     34|
|Register         |        -|      -|      43|      -|
+-----------------+---------+-------+--------+-------+
|Total            |        0|      0|      43|     51|
+-----------------+---------+-------+--------+-------+
|Available        |      270|    240|  126800|  63400|
+-----------------+---------+-------+--------+-------+
|Utilization (%)  |        0|      0|   ~0   |   ~0  |
+-----------------+---------+-------+--------+-------+

+ Detail: 
    * Instance: 
    N/A

    * DSP48: 
    N/A

    * Memory: 
    N/A

    * FIFO: 
    N/A

    * Expression: 
    +----------------------+----------+-------+---+----+------------+------------+
    |     Variable Name    | Operation| DSP48E| FF| LUT| Bitwidth P0| Bitwidth P1|
    +----------------------+----------+-------+---+----+------------+------------+
    |i_fu_152_p2           |     +    |      0|  0|   5|           5|           2|
    |j_fu_136_p2           |     +    |      0|  0|   4|           4|           1|
    |exitcond_i_fu_130_p2  |   icmp   |      0|  0|   2|           5|           5|
    |tmp_5_i_fu_158_p2     |   icmp   |      0|  0|   6|          16|          16|
    +----------------------+----------+-------+---+----+------------+------------+
    |Total                 |          |      0|  0|  17|          30|          24|
    +----------------------+----------+-------+---+----+------------+------------+

    * Multiplexer: 
    +---------------------+----+-----------+-----+-----------+
    |         Name        | LUT| Input Size| Bits| Total Bits|
    +---------------------+----+-----------+-----+-----------+
    |A_address0           |   4|          4|    4|         16|
    |A_address1           |   4|          3|    4|         12|
    |ap_NS_fsm            |   1|          7|    1|          7|
    |indvars_iv_i_reg_75  |   5|          2|    5|         10|
    |j_i_reg_87           |   4|          2|    4|          8|
    |p_0_reg_98           |  16|          2|   16|         32|
    +---------------------+----+-----------+-----+-----------+
    |Total                |  34|         20|   34|         85|
    +---------------------+----+-----------+-----+-----------+

    * Register: 
    +---------------------+----+----+-----+-----------+
    |         Name        | FF | LUT| Bits| Const Bits|
    +---------------------+----+----+-----+-----------+
    |A_addr_1_reg_183     |   4|   0|    4|          0|
    |A_addr_2_reg_189     |   4|   0|    4|          0|
    |ap_CS_fsm            |   6|   0|    6|          0|
    |indvars_iv_i_reg_75  |   5|   0|    5|          0|
    |j_i_reg_87           |   4|   0|    4|          0|
    |j_reg_178            |   4|   0|    4|          0|
    |p_0_reg_98           |  16|   0|   16|          0|
    +---------------------+----+----+-----+-----------+
    |Total                |  43|   0|   43|          0|
    +---------------------+----+----+-----+-----------+



================================================================
== Interface
================================================================
* Summary: 
+-----------------+-----+-----+------------+-----------------+--------------+
|    RTL Ports    | Dir | Bits|  Protocol  |  Source Object  |    C Type    |
+-----------------+-----+-----+------------+-----------------+--------------+
|ap_clk           |  in |    1| ap_ctrl_hs |    bubbleSort   | return value |
|ap_rst           |  in |    1| ap_ctrl_hs |    bubbleSort   | return value |
|ap_start         |  in |    1| ap_ctrl_hs |    bubbleSort   | return value |
|ap_done          | out |    1| ap_ctrl_hs |    bubbleSort   | return value |
|ap_idle          | out |    1| ap_ctrl_hs |    bubbleSort   | return value |
|ap_ready         | out |    1| ap_ctrl_hs |    bubbleSort   | return value |
|ap_return        | out |   16| ap_ctrl_hs |    bubbleSort   | return value |
|indexOutputData  |  in |    8|   ap_none  | indexOutputData |    scalar    |
|operation_V      |  in |    1|   ap_none  |   operation_V   |    pointer   |
|A_address0       | out |    4|  ap_memory |        A        |     array    |
|A_ce0            | out |    1|  ap_memory |        A        |     array    |
|A_we0            | out |    1|  ap_memory |        A        |     array    |
|A_d0             | out |   16|  ap_memory |        A        |     array    |
|A_q0             |  in |   16|  ap_memory |        A        |     array    |
|A_address1       | out |    4|  ap_memory |        A        |     array    |
|A_ce1            | out |    1|  ap_memory |        A        |     array    |
|A_we1            | out |    1|  ap_memory |        A        |     array    |
|A_d1             | out |   16|  ap_memory |        A        |     array    |
|A_q1             |  in |   16|  ap_memory |        A        |     array    |
+-----------------+-----+-----+------------+-----------------+--------------+

