

================================================================
== Vivado HLS Report for 'heapSort_maxHeapify_noRecurv'
================================================================
* Date:           Thu Jul 15 22:19:03 2021

* Version:        2016.1 (Build 1538259 on Fri Apr 08 16:12:49 MDT 2016)
* Project:        heapSort
* Solution:       solution1
* Product family: artix7
* Target device:  xc7a100tcsg324-1


================================================================
== Performance Estimates
================================================================
+ Timing (ns): 
    * Summary: 
    +--------+-------+----------+------------+
    |  Clock | Target| Estimated| Uncertainty|
    +--------+-------+----------+------------+
    |ap_clk  |  10.00|      6.85|        1.25|
    +--------+-------+----------+------------+

+ Latency (clock cycles): 
    * Summary: 
    +-----+------+-----+------+---------+
    |   Latency  |  Interval  | Pipeline|
    | min |  max | min |  max |   Type  |
    +-----+------+-----+------+---------+
    |    1|  1793|    1|  1793|   none  |
    +-----+------+-----+------+---------+

    + Detail: 
        * Instance: 
        N/A

        * Loop: 
        +----------+-----+------+----------+-----------+-----------+---------+----------+
        |          |   Latency  | Iteration|  Initiation Interval  |   Trip  |          |
        | Loop Name| min |  max |  Latency |  achieved |   target  |  Count  | Pipelined|
        +----------+-----+------+----------+-----------+-----------+---------+----------+
        |- Loop 1  |    0|  1792|   6 ~ 7  |          -|          -| 0 ~ 256 |    no    |
        +----------+-----+------+----------+-----------+-----------+---------+----------+

============================================================
+ Verbose Summary: Synthesis Manager
============================================================
InlineROM: 1
ExposeGlobal: 0
============================================================
+ Verbose Summary: CDFG Model
============================================================
IsTopModel: 0
ResetActiveHigh: 1
IsCombinational: 0
IsDatapathOnly: 0
HasWiredReturn: 1
HasMFsm: 0
HasVarLatency: 1
IsPipeline: 0
IsRtlPipelined: 0
IsInstanceOverlapped: 0
IsDontTouch: 0
HasImplIP: 0
IsGatedGlobalClock: 0


============================================================
+ Verbose Summary: Schedule
============================================================
* Number of FSM states: 8
* Pipeline: 0
* Dataflow Pipeline: 0

* FSM state transitions: 
1 --> 
	2  / true
2 --> 
	3  / (tmp)
3 --> 
	4  / true
4 --> 
	5  / true
5 --> 
	6  / true
6 --> 
	7  / (!tmp_3)
	8  / (tmp_3)
7 --> 
	8  / true
8 --> 
	2  / true
* FSM state operations: 

 <State 1>: 2.61ns
ST_1: p_0 [1/1] 0.00ns
:0  %p_0 = alloca i16

ST_1: endA_read [1/1] 1.04ns
:1  %endA_read = call i10 @_ssdm_op_Read.ap_auto.i10(i10 %endA)

ST_1: startA_read [1/1] 1.04ns
:2  %startA_read = call i8 @_ssdm_op_Read.ap_auto.i8(i8 %startA)

ST_1: endA_cast1 [1/1] 0.00ns
:3  %endA_cast1 = zext i10 %endA_read to i16

ST_1: startA_cast [1/1] 0.00ns
:4  %startA_cast = zext i8 %startA_read to i16

ST_1: stg_14 [1/1] 1.57ns
:5  store i16 %startA_cast, i16* %p_0

ST_1: stg_15 [1/1] 1.57ns
:6  br label %._crit_edge2


 <State 2>: 4.68ns
ST_2: current [1/1] 0.00ns
._crit_edge2:0  %current = phi i16 [ %startA_cast, %0 ], [ %startA_assign, %._crit_edge2.backedge ]

ST_2: i [1/1] 0.00ns
._crit_edge2:1  %i = phi i9 [ 0, %0 ], [ %i_1, %._crit_edge2.backedge ]

ST_2: i_cast [1/1] 0.00ns
._crit_edge2:2  %i_cast = zext i9 %i to i10

ST_2: tmp [1/1] 2.55ns
._crit_edge2:3  %tmp = icmp slt i10 %i_cast, %endA_read

ST_2: empty [1/1] 0.00ns
._crit_edge2:4  %empty = call i32 (...)* @_ssdm_op_SpecLoopTripCount(i64 0, i64 256, i64 0) nounwind

ST_2: i_1 [1/1] 1.79ns
._crit_edge2:5  %i_1 = add i9 %i, 1

ST_2: stg_22 [1/1] 0.00ns
._crit_edge2:6  br i1 %tmp, label %_ifconv, label %2

ST_2: tmp_1 [1/1] 0.00ns
_ifconv:1  %tmp_1 = shl i16 %current, 1

ST_2: current_4 [1/1] 0.00ns
_ifconv:2  %current_4 = or i16 %tmp_1, 1

ST_2: current_5 [1/1] 1.91ns
_ifconv:3  %current_5 = add i16 2, %tmp_1

ST_2: tmp_4 [1/1] 2.77ns
_ifconv:4  %tmp_4 = icmp slt i16 %current_4, %endA_cast1

ST_2: tmp_5 [1/1] 0.00ns
_ifconv:5  %tmp_5 = sext i16 %current to i64

ST_2: A_addr [1/1] 0.00ns
_ifconv:6  %A_addr = getelementptr inbounds [256 x i16]* @A, i64 0, i64 %tmp_5

ST_2: A_load [2/2] 2.71ns
_ifconv:7  %A_load = load i16* %A_addr, align 2

ST_2: tmp_6 [1/1] 0.00ns
_ifconv:8  %tmp_6 = sext i16 %current_4 to i64

ST_2: A_addr_1 [1/1] 0.00ns
_ifconv:9  %A_addr_1 = getelementptr inbounds [256 x i16]* @A, i64 0, i64 %tmp_6

ST_2: A_load_1 [2/2] 2.71ns
_ifconv:10  %A_load_1 = load i16* %A_addr_1, align 2

ST_2: tmp_8 [1/1] 2.77ns
_ifconv:14  %tmp_8 = icmp slt i16 %current_5, %endA_cast1

ST_2: stg_34 [1/1] 0.00ns
:0  ret void


 <State 3>: 6.85ns
ST_3: A_load [1/2] 2.71ns
_ifconv:7  %A_load = load i16* %A_addr, align 2

ST_3: A_load_1 [1/2] 2.71ns
_ifconv:10  %A_load_1 = load i16* %A_addr_1, align 2

ST_3: tmp_7 [1/1] 2.77ns
_ifconv:11  %tmp_7 = icmp slt i16 %A_load, %A_load_1

ST_3: p_current [1/1] 0.00ns (grouped into LUT with out node current_1)
_ifconv:12  %p_current = select i1 %tmp_7, i16 %current_4, i16 %current

ST_3: current_1 [1/1] 1.37ns (out node of the LUT)
_ifconv:13  %current_1 = select i1 %tmp_4, i16 %p_current, i16 %current


 <State 4>: 2.71ns
ST_4: tmp_9 [1/1] 0.00ns
_ifconv:15  %tmp_9 = sext i16 %current_1 to i64

ST_4: A_addr_2 [1/1] 0.00ns
_ifconv:16  %A_addr_2 = getelementptr inbounds [256 x i16]* @A, i64 0, i64 %tmp_9

ST_4: A_load_2 [2/2] 2.71ns
_ifconv:17  %A_load_2 = load i16* %A_addr_2, align 2

ST_4: tmp_s [1/1] 0.00ns
_ifconv:18  %tmp_s = sext i16 %current_5 to i64

ST_4: A_addr_3 [1/1] 0.00ns
_ifconv:19  %A_addr_3 = getelementptr inbounds [256 x i16]* @A, i64 0, i64 %tmp_s

ST_4: A_load_3 [2/2] 2.71ns
_ifconv:20  %A_load_3 = load i16* %A_addr_3, align 2


 <State 5>: 6.85ns
ST_5: A_load_2 [1/2] 2.71ns
_ifconv:17  %A_load_2 = load i16* %A_addr_2, align 2

ST_5: A_load_3 [1/2] 2.71ns
_ifconv:20  %A_load_3 = load i16* %A_addr_3, align 2

ST_5: tmp_2 [1/1] 2.77ns
_ifconv:21  %tmp_2 = icmp slt i16 %A_load_2, %A_load_3

ST_5: p_current_1 [1/1] 0.00ns (grouped into LUT with out node startA_assign)
_ifconv:22  %p_current_1 = select i1 %tmp_2, i16 %current_5, i16 %current_1

ST_5: startA_assign [1/1] 1.37ns (out node of the LUT)
_ifconv:23  %startA_assign = select i1 %tmp_8, i16 %p_current_1, i16 %current_1


 <State 6>: 2.77ns
ST_6: p_0_load [1/1] 0.00ns
_ifconv:0  %p_0_load = load i16* %p_0

ST_6: tmp_3 [1/1] 2.77ns
_ifconv:24  %tmp_3 = icmp eq i16 %startA_assign, %p_0_load

ST_6: stg_53 [1/1] 0.00ns
_ifconv:25  br i1 %tmp_3, label %._crit_edge2.backedge, label %1

ST_6: tmp_10 [1/1] 0.00ns
:0  %tmp_10 = sext i16 %startA_assign to i64

ST_6: A_addr_4 [1/1] 0.00ns
:1  %A_addr_4 = getelementptr inbounds [256 x i16]* @A, i64 0, i64 %tmp_10

ST_6: temp [2/2] 2.71ns
:2  %temp = load i16* %A_addr_4, align 2

ST_6: tmp_11 [1/1] 0.00ns
:3  %tmp_11 = sext i16 %p_0_load to i64

ST_6: A_addr_5 [1/1] 0.00ns
:4  %A_addr_5 = getelementptr inbounds [256 x i16]* @A, i64 0, i64 %tmp_11

ST_6: A_load_5 [2/2] 2.71ns
:5  %A_load_5 = load i16* %A_addr_5, align 2

ST_6: stg_60 [1/1] 1.57ns
:8  store i16 %startA_assign, i16* %p_0


 <State 7>: 5.42ns
ST_7: temp [1/2] 2.71ns
:2  %temp = load i16* %A_addr_4, align 2

ST_7: A_load_5 [1/2] 2.71ns
:5  %A_load_5 = load i16* %A_addr_5, align 2

ST_7: stg_63 [1/1] 2.71ns
:6  store i16 %A_load_5, i16* %A_addr_4, align 2


 <State 8>: 2.71ns
ST_8: stg_64 [1/1] 2.71ns
:7  store i16 %temp, i16* %A_addr_5, align 2

ST_8: stg_65 [1/1] 0.00ns
:9  br label %._crit_edge2.backedge

ST_8: stg_66 [1/1] 0.00ns
._crit_edge2.backedge:0  br label %._crit_edge2



============================================================
+ Verbose Summary: Binding
============================================================
STG Binding: 
---------------- STG Properties BEGIN ----------------
- Is combinational: 0
- Is one-state seq: 0
- Is datapath-only: 0
- Is clock enabled: 0
- Is pipelined: 0
- Is top level: 0
Port [ Return ] is wired: 1; IO mode=ap_ctrl_hs:ce=0
Port [ startA]:  wired=1; compound=0; hidden=0; nouse=0; global=0; static=0; extern=0; dir=0; type=0; pingpong=0; private_global=0; IO mode=ap_none:ce=0
Port [ endA]:  wired=1; compound=0; hidden=0; nouse=0; global=0; static=0; extern=0; dir=0; type=0; pingpong=0; private_global=0; IO mode=ap_none:ce=0
Port [ A]:  wired=1; compound=1; hidden=0; nouse=0; global=1; static=0; extern=1; dir=2; type=1; pingpong=0; private_global=0; linkage=0; visibility=0; MemPort=[22]; IO mode=ap_memory:ce=0
---------------- STG Properties END ------------------

---------------- Datapath Model BEGIN ----------------

<LifeTime>
<method=bitvector/>
p_0           (alloca           ) [ 011111111]
endA_read     (read             ) [ 001111111]
startA_read   (read             ) [ 000000000]
endA_cast1    (zext             ) [ 001111111]
startA_cast   (zext             ) [ 011111111]
stg_14        (store            ) [ 000000000]
stg_15        (br               ) [ 011111111]
current       (phi              ) [ 001100000]
i             (phi              ) [ 001000000]
i_cast        (zext             ) [ 000000000]
tmp           (icmp             ) [ 001111111]
empty         (speclooptripcount) [ 000000000]
i_1           (add              ) [ 011111111]
stg_22        (br               ) [ 000000000]
tmp_1         (shl              ) [ 000000000]
current_4     (or               ) [ 000100000]
current_5     (add              ) [ 000111000]
tmp_4         (icmp             ) [ 000100000]
tmp_5         (sext             ) [ 000000000]
A_addr        (getelementptr    ) [ 000100000]
tmp_6         (sext             ) [ 000000000]
A_addr_1      (getelementptr    ) [ 000100000]
tmp_8         (icmp             ) [ 000111000]
stg_34        (ret              ) [ 000000000]
A_load        (load             ) [ 000000000]
A_load_1      (load             ) [ 000000000]
tmp_7         (icmp             ) [ 000000000]
p_current     (select           ) [ 000000000]
current_1     (select           ) [ 000011000]
tmp_9         (sext             ) [ 000000000]
A_addr_2      (getelementptr    ) [ 000001000]
tmp_s         (sext             ) [ 000000000]
A_addr_3      (getelementptr    ) [ 000001000]
A_load_2      (load             ) [ 000000000]
A_load_3      (load             ) [ 000000000]
tmp_2         (icmp             ) [ 000000000]
p_current_1   (select           ) [ 000000000]
startA_assign (select           ) [ 011000111]
p_0_load      (load             ) [ 000000000]
tmp_3         (icmp             ) [ 001111111]
stg_53        (br               ) [ 000000000]
tmp_10        (sext             ) [ 000000000]
A_addr_4      (getelementptr    ) [ 000000010]
tmp_11        (sext             ) [ 000000000]
A_addr_5      (getelementptr    ) [ 000000011]
stg_60        (store            ) [ 000000000]
temp          (load             ) [ 001111101]
A_load_5      (load             ) [ 000000000]
stg_63        (store            ) [ 000000000]
stg_64        (store            ) [ 000000000]
stg_65        (br               ) [ 000000000]
stg_66        (br               ) [ 011111111]
</LifeTime>

<model>

<comp_list>
<comp id="0" class="1000" name="startA">
<pin_list>
<pin id="1" dir="1" index="0" bw="1" slack="0"/>
</pin_list>
<bind>
<StgValue><ssdm name="startA"/></StgValue>
</bind>
</comp>

<comp id="2" class="1000" name="endA">
<pin_list>
<pin id="3" dir="1" index="0" bw="1" slack="0"/>
</pin_list>
<bind>
<StgValue><ssdm name="endA"/></StgValue>
</bind>
</comp>

<comp id="4" class="1000" name="A">
<pin_list>
<pin id="5" dir="1" index="0" bw="1" slack="0"/>
</pin_list>
<bind>
<StgValue><ssdm name="A"/><MemPortTyVec>2 2 </MemPortTyVec>
</StgValue>
</bind>
</comp>

<comp id="6" class="1001" name="const_6">
<pin_list>
<pin id="7" dir="1" index="0" bw="1" slack="0"/>
</pin_list>
<bind>
<StgValue><ssdm name=""/></StgValue>
</bind>
</comp>

<comp id="8" class="1001" name="const_8">
<pin_list>
<pin id="9" dir="1" index="0" bw="1" slack="0"/>
</pin_list>
<bind>
<StgValue><ssdm name="_ssdm_op_Read.ap_auto.i10"/></StgValue>
</bind>
</comp>

<comp id="10" class="1001" name="const_10">
<pin_list>
<pin id="11" dir="1" index="0" bw="1" slack="0"/>
</pin_list>
<bind>
<StgValue><ssdm name="_ssdm_op_Read.ap_auto.i8"/></StgValue>
</bind>
</comp>

<comp id="12" class="1001" name="const_12">
<pin_list>
<pin id="13" dir="1" index="0" bw="1" slack="1"/>
</pin_list>
<bind>
<StgValue><ssdm name=""/></StgValue>
</bind>
</comp>

<comp id="14" class="1001" name="const_14">
<pin_list>
<pin id="15" dir="1" index="0" bw="1" slack="2147483647"/>
</pin_list>
<bind>
<StgValue><ssdm name="_ssdm_op_SpecLoopTripCount"/></StgValue>
</bind>
</comp>

<comp id="16" class="1001" name="const_16">
<pin_list>
<pin id="17" dir="1" index="0" bw="1" slack="0"/>
</pin_list>
<bind>
<StgValue><ssdm name=""/></StgValue>
</bind>
</comp>

<comp id="18" class="1001" name="const_18">
<pin_list>
<pin id="19" dir="1" index="0" bw="1" slack="2147483647"/>
</pin_list>
<bind>
<StgValue><ssdm name=""/></StgValue>
</bind>
</comp>

<comp id="20" class="1001" name="const_20">
<pin_list>
<pin id="21" dir="1" index="0" bw="1" slack="0"/>
</pin_list>
<bind>
<StgValue><ssdm name=""/></StgValue>
</bind>
</comp>

<comp id="22" class="1001" name="const_22">
<pin_list>
<pin id="23" dir="1" index="0" bw="1" slack="0"/>
</pin_list>
<bind>
<StgValue><ssdm name=""/></StgValue>
</bind>
</comp>

<comp id="24" class="1001" name="const_24">
<pin_list>
<pin id="25" dir="1" index="0" bw="1" slack="0"/>
</pin_list>
<bind>
<StgValue><ssdm name=""/></StgValue>
</bind>
</comp>

<comp id="26" class="1004" name="p_0_fu_26">
<pin_list>
<pin id="27" dir="0" index="0" bw="1" slack="0"/>
<pin id="28" dir="1" index="1" bw="16" slack="0"/>
</pin_list>
<bind>
<opcode="alloca(26) " fcode="alloca"/>
<opset="p_0/1 "/>
</bind>
</comp>

<comp id="30" class="1004" name="endA_read_read_fu_30">
<pin_list>
<pin id="31" dir="0" index="0" bw="10" slack="0"/>
<pin id="32" dir="0" index="1" bw="10" slack="0"/>
<pin id="33" dir="1" index="2" bw="10" slack="0"/>
</pin_list>
<bind>
<opcode="read(1150) " fcode="read"/>
<opset="endA_read/1 "/>
</bind>
</comp>

<comp id="36" class="1004" name="startA_read_read_fu_36">
<pin_list>
<pin id="37" dir="0" index="0" bw="8" slack="0"/>
<pin id="38" dir="0" index="1" bw="8" slack="0"/>
<pin id="39" dir="1" index="2" bw="8" slack="0"/>
</pin_list>
<bind>
<opcode="read(1150) " fcode="read"/>
<opset="startA_read/1 "/>
</bind>
</comp>

<comp id="42" class="1004" name="A_addr_gep_fu_42">
<pin_list>
<pin id="43" dir="0" index="0" bw="16" slack="0"/>
<pin id="44" dir="0" index="1" bw="1" slack="0"/>
<pin id="45" dir="0" index="2" bw="16" slack="0"/>
<pin id="46" dir="1" index="3" bw="8" slack="0"/>
</pin_list>
<bind>
<opcode="getelementptr(29) " fcode="getelementptr"/>
<opset="A_addr/2 "/>
</bind>
</comp>

<comp id="49" class="1004" name="grp_access_fu_49">
<pin_list>
<pin id="50" dir="0" index="0" bw="8" slack="0"/>
<pin id="51" dir="0" index="1" bw="16" slack="0"/>
<pin id="61" dir="0" index="3" bw="8" slack="0"/>
<pin id="62" dir="0" index="4" bw="16" slack="1"/>
<pin id="52" dir="1" index="2" bw="16" slack="0"/>
<pin id="63" dir="1" index="5" bw="16" slack="0"/>
</pin_list>
<bind>
<opcode="load(27) store(28) " fcode="store"/>
<opset="A_load/2 A_load_1/2 A_load_2/4 A_load_3/4 temp/6 A_load_5/6 stg_63/7 stg_64/8 "/>
</bind>
</comp>

<comp id="54" class="1004" name="A_addr_1_gep_fu_54">
<pin_list>
<pin id="55" dir="0" index="0" bw="16" slack="0"/>
<pin id="56" dir="0" index="1" bw="1" slack="0"/>
<pin id="57" dir="0" index="2" bw="16" slack="0"/>
<pin id="58" dir="1" index="3" bw="8" slack="0"/>
</pin_list>
<bind>
<opcode="getelementptr(29) " fcode="getelementptr"/>
<opset="A_addr_1/2 "/>
</bind>
</comp>

<comp id="65" class="1004" name="A_addr_2_gep_fu_65">
<pin_list>
<pin id="66" dir="0" index="0" bw="16" slack="0"/>
<pin id="67" dir="0" index="1" bw="1" slack="0"/>
<pin id="68" dir="0" index="2" bw="16" slack="0"/>
<pin id="69" dir="1" index="3" bw="8" slack="0"/>
</pin_list>
<bind>
<opcode="getelementptr(29) " fcode="getelementptr"/>
<opset="A_addr_2/4 "/>
</bind>
</comp>

<comp id="73" class="1004" name="A_addr_3_gep_fu_73">
<pin_list>
<pin id="74" dir="0" index="0" bw="16" slack="0"/>
<pin id="75" dir="0" index="1" bw="1" slack="0"/>
<pin id="76" dir="0" index="2" bw="16" slack="0"/>
<pin id="77" dir="1" index="3" bw="8" slack="0"/>
</pin_list>
<bind>
<opcode="getelementptr(29) " fcode="getelementptr"/>
<opset="A_addr_3/4 "/>
</bind>
</comp>

<comp id="81" class="1004" name="A_addr_4_gep_fu_81">
<pin_list>
<pin id="82" dir="0" index="0" bw="16" slack="0"/>
<pin id="83" dir="0" index="1" bw="1" slack="0"/>
<pin id="84" dir="0" index="2" bw="16" slack="0"/>
<pin id="85" dir="1" index="3" bw="8" slack="0"/>
</pin_list>
<bind>
<opcode="getelementptr(29) " fcode="getelementptr"/>
<opset="A_addr_4/6 "/>
</bind>
</comp>

<comp id="89" class="1004" name="A_addr_5_gep_fu_89">
<pin_list>
<pin id="90" dir="0" index="0" bw="16" slack="0"/>
<pin id="91" dir="0" index="1" bw="1" slack="0"/>
<pin id="92" dir="0" index="2" bw="16" slack="0"/>
<pin id="93" dir="1" index="3" bw="8" slack="0"/>
</pin_list>
<bind>
<opcode="getelementptr(29) " fcode="getelementptr"/>
<opset="A_addr_5/6 "/>
</bind>
</comp>

<comp id="98" class="1005" name="current_reg_98">
<pin_list>
<pin id="99" dir="0" index="0" bw="16" slack="1"/>
<pin id="100" dir="1" index="1" bw="16" slack="1"/>
</pin_list>
<bind>
<opset="current (phireg) "/>
</bind>
</comp>

<comp id="101" class="1004" name="current_phi_fu_101">
<pin_list>
<pin id="102" dir="0" index="0" bw="8" slack="1"/>
<pin id="103" dir="0" index="1" bw="0" slack="2147483647"/>
<pin id="104" dir="0" index="2" bw="16" slack="1"/>
<pin id="105" dir="0" index="3" bw="0" slack="2147483647"/>
<pin id="106" dir="1" index="4" bw="16" slack="0"/>
</pin_list>
<bind>
<opcode="phi(47) " fcode="phi"/>
<opset="current/2 "/>
</bind>
</comp>

<comp id="108" class="1005" name="i_reg_108">
<pin_list>
<pin id="109" dir="0" index="0" bw="9" slack="1"/>
<pin id="110" dir="1" index="1" bw="9" slack="1"/>
</pin_list>
<bind>
<opset="i (phireg) "/>
</bind>
</comp>

<comp id="112" class="1004" name="i_phi_fu_112">
<pin_list>
<pin id="113" dir="0" index="0" bw="1" slack="1"/>
<pin id="114" dir="0" index="1" bw="0" slack="2147483647"/>
<pin id="115" dir="0" index="2" bw="9" slack="0"/>
<pin id="116" dir="0" index="3" bw="0" slack="2147483647"/>
<pin id="117" dir="1" index="4" bw="9" slack="0"/>
</pin_list>
<bind>
<opcode="phi(47) " fcode="phi"/>
<opset="i/2 "/>
</bind>
</comp>

<comp id="119" class="1004" name="grp_fu_119">
<pin_list>
<pin id="120" dir="0" index="0" bw="16" slack="0"/>
<pin id="121" dir="0" index="1" bw="16" slack="0"/>
<pin id="122" dir="1" index="2" bw="1" slack="0"/>
</pin_list>
<bind>
<opcode="icmp(45) " fcode="icmp"/>
<opset="tmp_7/3 tmp_2/5 "/>
</bind>
</comp>

<comp id="125" class="1004" name="endA_cast1_fu_125">
<pin_list>
<pin id="126" dir="0" index="0" bw="10" slack="0"/>
<pin id="127" dir="1" index="1" bw="16" slack="1"/>
</pin_list>
<bind>
<opcode="zext(34) " fcode="zext"/>
<opset="endA_cast1/1 "/>
</bind>
</comp>

<comp id="129" class="1004" name="startA_cast_fu_129">
<pin_list>
<pin id="130" dir="0" index="0" bw="8" slack="0"/>
<pin id="131" dir="1" index="1" bw="16" slack="0"/>
</pin_list>
<bind>
<opcode="zext(34) " fcode="zext"/>
<opset="startA_cast/1 "/>
</bind>
</comp>

<comp id="133" class="1004" name="stg_14_store_fu_133">
<pin_list>
<pin id="134" dir="0" index="0" bw="8" slack="0"/>
<pin id="135" dir="0" index="1" bw="16" slack="0"/>
<pin id="136" dir="1" index="2" bw="0" slack="2147483647"/>
</pin_list>
<bind>
<opcode="store(28) " fcode="store"/>
<opset="stg_14/1 "/>
</bind>
</comp>

<comp id="138" class="1004" name="i_cast_fu_138">
<pin_list>
<pin id="139" dir="0" index="0" bw="9" slack="0"/>
<pin id="140" dir="1" index="1" bw="10" slack="0"/>
</pin_list>
<bind>
<opcode="zext(34) " fcode="zext"/>
<opset="i_cast/2 "/>
</bind>
</comp>

<comp id="142" class="1004" name="tmp_fu_142">
<pin_list>
<pin id="143" dir="0" index="0" bw="9" slack="0"/>
<pin id="144" dir="0" index="1" bw="10" slack="1"/>
<pin id="145" dir="1" index="2" bw="1" slack="2147483647"/>
</pin_list>
<bind>
<opcode="icmp(45) " fcode="icmp"/>
<opset="tmp/2 "/>
</bind>
</comp>

<comp id="147" class="1004" name="i_1_fu_147">
<pin_list>
<pin id="148" dir="0" index="0" bw="9" slack="0"/>
<pin id="149" dir="0" index="1" bw="1" slack="0"/>
<pin id="150" dir="1" index="2" bw="9" slack="0"/>
</pin_list>
<bind>
<opcode="add(8) " fcode="add"/>
<opset="i_1/2 "/>
</bind>
</comp>

<comp id="153" class="1004" name="tmp_1_fu_153">
<pin_list>
<pin id="154" dir="0" index="0" bw="16" slack="0"/>
<pin id="155" dir="0" index="1" bw="1" slack="0"/>
<pin id="156" dir="1" index="2" bw="16" slack="0"/>
</pin_list>
<bind>
<opcode="shl(20) " fcode="shl"/>
<opset="tmp_1/2 "/>
</bind>
</comp>

<comp id="159" class="1004" name="current_4_fu_159">
<pin_list>
<pin id="160" dir="0" index="0" bw="16" slack="0"/>
<pin id="161" dir="0" index="1" bw="1" slack="0"/>
<pin id="162" dir="1" index="2" bw="16" slack="0"/>
</pin_list>
<bind>
<opcode="or(24) " fcode="or"/>
<opset="current_4/2 "/>
</bind>
</comp>

<comp id="165" class="1004" name="current_5_fu_165">
<pin_list>
<pin id="166" dir="0" index="0" bw="3" slack="0"/>
<pin id="167" dir="0" index="1" bw="16" slack="0"/>
<pin id="168" dir="1" index="2" bw="16" slack="0"/>
</pin_list>
<bind>
<opcode="add(8) " fcode="add"/>
<opset="current_5/2 "/>
</bind>
</comp>

<comp id="171" class="1004" name="tmp_4_fu_171">
<pin_list>
<pin id="172" dir="0" index="0" bw="16" slack="0"/>
<pin id="173" dir="0" index="1" bw="10" slack="1"/>
<pin id="174" dir="1" index="2" bw="1" slack="1"/>
</pin_list>
<bind>
<opcode="icmp(45) " fcode="icmp"/>
<opset="tmp_4/2 "/>
</bind>
</comp>

<comp id="176" class="1004" name="tmp_5_fu_176">
<pin_list>
<pin id="177" dir="0" index="0" bw="16" slack="0"/>
<pin id="178" dir="1" index="1" bw="64" slack="0"/>
</pin_list>
<bind>
<opcode="sext(35) " fcode="sext"/>
<opset="tmp_5/2 "/>
</bind>
</comp>

<comp id="181" class="1004" name="tmp_6_fu_181">
<pin_list>
<pin id="182" dir="0" index="0" bw="16" slack="0"/>
<pin id="183" dir="1" index="1" bw="64" slack="0"/>
</pin_list>
<bind>
<opcode="sext(35) " fcode="sext"/>
<opset="tmp_6/2 "/>
</bind>
</comp>

<comp id="186" class="1004" name="tmp_8_fu_186">
<pin_list>
<pin id="187" dir="0" index="0" bw="16" slack="0"/>
<pin id="188" dir="0" index="1" bw="10" slack="1"/>
<pin id="189" dir="1" index="2" bw="1" slack="2"/>
</pin_list>
<bind>
<opcode="icmp(45) " fcode="icmp"/>
<opset="tmp_8/2 "/>
</bind>
</comp>

<comp id="191" class="1004" name="p_current_fu_191">
<pin_list>
<pin id="192" dir="0" index="0" bw="1" slack="0"/>
<pin id="193" dir="0" index="1" bw="16" slack="1"/>
<pin id="194" dir="0" index="2" bw="16" slack="1"/>
<pin id="195" dir="1" index="3" bw="16" slack="0"/>
</pin_list>
<bind>
<opcode="select(49) " fcode="select"/>
<opset="p_current/3 "/>
</bind>
</comp>

<comp id="198" class="1004" name="current_1_fu_198">
<pin_list>
<pin id="199" dir="0" index="0" bw="1" slack="1"/>
<pin id="200" dir="0" index="1" bw="16" slack="0"/>
<pin id="201" dir="0" index="2" bw="16" slack="1"/>
<pin id="202" dir="1" index="3" bw="16" slack="1"/>
</pin_list>
<bind>
<opcode="select(49) " fcode="select"/>
<opset="current_1/3 "/>
</bind>
</comp>

<comp id="205" class="1004" name="tmp_9_fu_205">
<pin_list>
<pin id="206" dir="0" index="0" bw="16" slack="1"/>
<pin id="207" dir="1" index="1" bw="64" slack="0"/>
</pin_list>
<bind>
<opcode="sext(35) " fcode="sext"/>
<opset="tmp_9/4 "/>
</bind>
</comp>

<comp id="209" class="1004" name="tmp_s_fu_209">
<pin_list>
<pin id="210" dir="0" index="0" bw="16" slack="2"/>
<pin id="211" dir="1" index="1" bw="64" slack="0"/>
</pin_list>
<bind>
<opcode="sext(35) " fcode="sext"/>
<opset="tmp_s/4 "/>
</bind>
</comp>

<comp id="213" class="1004" name="p_current_1_fu_213">
<pin_list>
<pin id="214" dir="0" index="0" bw="1" slack="0"/>
<pin id="215" dir="0" index="1" bw="16" slack="3"/>
<pin id="216" dir="0" index="2" bw="16" slack="2"/>
<pin id="217" dir="1" index="3" bw="16" slack="0"/>
</pin_list>
<bind>
<opcode="select(49) " fcode="select"/>
<opset="p_current_1/5 "/>
</bind>
</comp>

<comp id="219" class="1004" name="startA_assign_fu_219">
<pin_list>
<pin id="220" dir="0" index="0" bw="1" slack="3"/>
<pin id="221" dir="0" index="1" bw="16" slack="0"/>
<pin id="222" dir="0" index="2" bw="16" slack="2"/>
<pin id="223" dir="1" index="3" bw="16" slack="1"/>
</pin_list>
<bind>
<opcode="select(49) " fcode="select"/>
<opset="startA_assign/5 "/>
</bind>
</comp>

<comp id="225" class="1004" name="p_0_load_load_fu_225">
<pin_list>
<pin id="226" dir="0" index="0" bw="16" slack="5"/>
<pin id="227" dir="1" index="1" bw="16" slack="0"/>
</pin_list>
<bind>
<opcode="load(27) " fcode="load"/>
<opset="p_0_load/6 "/>
</bind>
</comp>

<comp id="228" class="1004" name="tmp_3_fu_228">
<pin_list>
<pin id="229" dir="0" index="0" bw="16" slack="1"/>
<pin id="230" dir="0" index="1" bw="16" slack="0"/>
<pin id="231" dir="1" index="2" bw="1" slack="2"/>
</pin_list>
<bind>
<opcode="icmp(45) " fcode="icmp"/>
<opset="tmp_3/6 "/>
</bind>
</comp>

<comp id="233" class="1004" name="tmp_10_fu_233">
<pin_list>
<pin id="234" dir="0" index="0" bw="16" slack="1"/>
<pin id="235" dir="1" index="1" bw="64" slack="0"/>
</pin_list>
<bind>
<opcode="sext(35) " fcode="sext"/>
<opset="tmp_10/6 "/>
</bind>
</comp>

<comp id="237" class="1004" name="tmp_11_fu_237">
<pin_list>
<pin id="238" dir="0" index="0" bw="16" slack="0"/>
<pin id="239" dir="1" index="1" bw="64" slack="0"/>
</pin_list>
<bind>
<opcode="sext(35) " fcode="sext"/>
<opset="tmp_11/6 "/>
</bind>
</comp>

<comp id="242" class="1004" name="stg_60_store_fu_242">
<pin_list>
<pin id="243" dir="0" index="0" bw="16" slack="1"/>
<pin id="244" dir="0" index="1" bw="16" slack="5"/>
<pin id="245" dir="1" index="2" bw="0" slack="2147483647"/>
</pin_list>
<bind>
<opcode="store(28) " fcode="store"/>
<opset="stg_60/6 "/>
</bind>
</comp>

<comp id="246" class="1005" name="p_0_reg_246">
<pin_list>
<pin id="247" dir="0" index="0" bw="16" slack="0"/>
<pin id="248" dir="1" index="1" bw="16" slack="0"/>
</pin_list>
<bind>
<opset="p_0 "/>
</bind>
</comp>

<comp id="253" class="1005" name="endA_read_reg_253">
<pin_list>
<pin id="254" dir="0" index="0" bw="10" slack="1"/>
<pin id="255" dir="1" index="1" bw="10" slack="1"/>
</pin_list>
<bind>
<opset="endA_read "/>
</bind>
</comp>

<comp id="258" class="1005" name="endA_cast1_reg_258">
<pin_list>
<pin id="259" dir="0" index="0" bw="16" slack="1"/>
<pin id="260" dir="1" index="1" bw="16" slack="1"/>
</pin_list>
<bind>
<opset="endA_cast1 "/>
</bind>
</comp>

<comp id="264" class="1005" name="startA_cast_reg_264">
<pin_list>
<pin id="265" dir="0" index="0" bw="16" slack="1"/>
<pin id="266" dir="1" index="1" bw="16" slack="1"/>
</pin_list>
<bind>
<opset="startA_cast "/>
</bind>
</comp>

<comp id="272" class="1005" name="i_1_reg_272">
<pin_list>
<pin id="273" dir="0" index="0" bw="9" slack="0"/>
<pin id="274" dir="1" index="1" bw="9" slack="0"/>
</pin_list>
<bind>
<opset="i_1 "/>
</bind>
</comp>

<comp id="277" class="1005" name="current_4_reg_277">
<pin_list>
<pin id="278" dir="0" index="0" bw="16" slack="1"/>
<pin id="279" dir="1" index="1" bw="16" slack="1"/>
</pin_list>
<bind>
<opset="current_4 "/>
</bind>
</comp>

<comp id="282" class="1005" name="current_5_reg_282">
<pin_list>
<pin id="283" dir="0" index="0" bw="16" slack="2"/>
<pin id="284" dir="1" index="1" bw="16" slack="2"/>
</pin_list>
<bind>
<opset="current_5 "/>
</bind>
</comp>

<comp id="288" class="1005" name="tmp_4_reg_288">
<pin_list>
<pin id="289" dir="0" index="0" bw="1" slack="1"/>
<pin id="290" dir="1" index="1" bw="1" slack="1"/>
</pin_list>
<bind>
<opset="tmp_4 "/>
</bind>
</comp>

<comp id="293" class="1005" name="A_addr_reg_293">
<pin_list>
<pin id="294" dir="0" index="0" bw="8" slack="1"/>
<pin id="295" dir="1" index="1" bw="8" slack="1"/>
</pin_list>
<bind>
<opset="A_addr "/>
</bind>
</comp>

<comp id="298" class="1005" name="A_addr_1_reg_298">
<pin_list>
<pin id="299" dir="0" index="0" bw="8" slack="1"/>
<pin id="300" dir="1" index="1" bw="8" slack="1"/>
</pin_list>
<bind>
<opset="A_addr_1 "/>
</bind>
</comp>

<comp id="303" class="1005" name="tmp_8_reg_303">
<pin_list>
<pin id="304" dir="0" index="0" bw="1" slack="2"/>
<pin id="305" dir="1" index="1" bw="1" slack="3"/>
</pin_list>
<bind>
<opset="tmp_8 "/>
</bind>
</comp>

<comp id="308" class="1005" name="current_1_reg_308">
<pin_list>
<pin id="309" dir="0" index="0" bw="16" slack="1"/>
<pin id="310" dir="1" index="1" bw="16" slack="1"/>
</pin_list>
<bind>
<opset="current_1 "/>
</bind>
</comp>

<comp id="315" class="1005" name="A_addr_2_reg_315">
<pin_list>
<pin id="316" dir="0" index="0" bw="8" slack="1"/>
<pin id="317" dir="1" index="1" bw="8" slack="1"/>
</pin_list>
<bind>
<opset="A_addr_2 "/>
</bind>
</comp>

<comp id="320" class="1005" name="A_addr_3_reg_320">
<pin_list>
<pin id="321" dir="0" index="0" bw="8" slack="1"/>
<pin id="322" dir="1" index="1" bw="8" slack="1"/>
</pin_list>
<bind>
<opset="A_addr_3 "/>
</bind>
</comp>

<comp id="325" class="1005" name="startA_assign_reg_325">
<pin_list>
<pin id="326" dir="0" index="0" bw="16" slack="1"/>
<pin id="327" dir="1" index="1" bw="16" slack="1"/>
</pin_list>
<bind>
<opset="startA_assign "/>
</bind>
</comp>

<comp id="333" class="1005" name="tmp_3_reg_333">
<pin_list>
<pin id="334" dir="0" index="0" bw="1" slack="2"/>
<pin id="335" dir="1" index="1" bw="1" slack="2147483647"/>
</pin_list>
<bind>
<opset="tmp_3 "/>
</bind>
</comp>

<comp id="337" class="1005" name="A_addr_4_reg_337">
<pin_list>
<pin id="338" dir="0" index="0" bw="8" slack="1"/>
<pin id="339" dir="1" index="1" bw="8" slack="1"/>
</pin_list>
<bind>
<opset="A_addr_4 "/>
</bind>
</comp>

<comp id="342" class="1005" name="A_addr_5_reg_342">
<pin_list>
<pin id="343" dir="0" index="0" bw="8" slack="1"/>
<pin id="344" dir="1" index="1" bw="8" slack="1"/>
</pin_list>
<bind>
<opset="A_addr_5 "/>
</bind>
</comp>

<comp id="347" class="1005" name="temp_reg_347">
<pin_list>
<pin id="348" dir="0" index="0" bw="16" slack="1"/>
<pin id="349" dir="1" index="1" bw="16" slack="1"/>
</pin_list>
<bind>
<opset="temp "/>
</bind>
</comp>

</comp_list>

<net_list>
<net id="29"><net_src comp="6" pin="0"/><net_sink comp="26" pin=0"/></net>

<net id="34"><net_src comp="8" pin="0"/><net_sink comp="30" pin=0"/></net>

<net id="35"><net_src comp="2" pin="0"/><net_sink comp="30" pin=1"/></net>

<net id="40"><net_src comp="10" pin="0"/><net_sink comp="36" pin=0"/></net>

<net id="41"><net_src comp="0" pin="0"/><net_sink comp="36" pin=1"/></net>

<net id="47"><net_src comp="4" pin="0"/><net_sink comp="42" pin=0"/></net>

<net id="48"><net_src comp="16" pin="0"/><net_sink comp="42" pin=1"/></net>

<net id="53"><net_src comp="42" pin="3"/><net_sink comp="49" pin=0"/></net>

<net id="59"><net_src comp="4" pin="0"/><net_sink comp="54" pin=0"/></net>

<net id="60"><net_src comp="16" pin="0"/><net_sink comp="54" pin=1"/></net>

<net id="64"><net_src comp="54" pin="3"/><net_sink comp="49" pin=3"/></net>

<net id="70"><net_src comp="4" pin="0"/><net_sink comp="65" pin=0"/></net>

<net id="71"><net_src comp="16" pin="0"/><net_sink comp="65" pin=1"/></net>

<net id="72"><net_src comp="65" pin="3"/><net_sink comp="49" pin=0"/></net>

<net id="78"><net_src comp="4" pin="0"/><net_sink comp="73" pin=0"/></net>

<net id="79"><net_src comp="16" pin="0"/><net_sink comp="73" pin=1"/></net>

<net id="80"><net_src comp="73" pin="3"/><net_sink comp="49" pin=3"/></net>

<net id="86"><net_src comp="4" pin="0"/><net_sink comp="81" pin=0"/></net>

<net id="87"><net_src comp="16" pin="0"/><net_sink comp="81" pin=1"/></net>

<net id="88"><net_src comp="81" pin="3"/><net_sink comp="49" pin=0"/></net>

<net id="94"><net_src comp="4" pin="0"/><net_sink comp="89" pin=0"/></net>

<net id="95"><net_src comp="16" pin="0"/><net_sink comp="89" pin=1"/></net>

<net id="96"><net_src comp="89" pin="3"/><net_sink comp="49" pin=3"/></net>

<net id="97"><net_src comp="49" pin="5"/><net_sink comp="49" pin=1"/></net>

<net id="107"><net_src comp="101" pin="4"/><net_sink comp="98" pin=0"/></net>

<net id="111"><net_src comp="12" pin="0"/><net_sink comp="108" pin=0"/></net>

<net id="118"><net_src comp="108" pin="1"/><net_sink comp="112" pin=0"/></net>

<net id="123"><net_src comp="49" pin="2"/><net_sink comp="119" pin=0"/></net>

<net id="124"><net_src comp="49" pin="5"/><net_sink comp="119" pin=1"/></net>

<net id="128"><net_src comp="30" pin="2"/><net_sink comp="125" pin=0"/></net>

<net id="132"><net_src comp="36" pin="2"/><net_sink comp="129" pin=0"/></net>

<net id="137"><net_src comp="129" pin="1"/><net_sink comp="133" pin=0"/></net>

<net id="141"><net_src comp="112" pin="4"/><net_sink comp="138" pin=0"/></net>

<net id="146"><net_src comp="138" pin="1"/><net_sink comp="142" pin=0"/></net>

<net id="151"><net_src comp="112" pin="4"/><net_sink comp="147" pin=0"/></net>

<net id="152"><net_src comp="20" pin="0"/><net_sink comp="147" pin=1"/></net>

<net id="157"><net_src comp="101" pin="4"/><net_sink comp="153" pin=0"/></net>

<net id="158"><net_src comp="22" pin="0"/><net_sink comp="153" pin=1"/></net>

<net id="163"><net_src comp="153" pin="2"/><net_sink comp="159" pin=0"/></net>

<net id="164"><net_src comp="22" pin="0"/><net_sink comp="159" pin=1"/></net>

<net id="169"><net_src comp="24" pin="0"/><net_sink comp="165" pin=0"/></net>

<net id="170"><net_src comp="153" pin="2"/><net_sink comp="165" pin=1"/></net>

<net id="175"><net_src comp="159" pin="2"/><net_sink comp="171" pin=0"/></net>

<net id="179"><net_src comp="101" pin="4"/><net_sink comp="176" pin=0"/></net>

<net id="180"><net_src comp="176" pin="1"/><net_sink comp="42" pin=2"/></net>

<net id="184"><net_src comp="159" pin="2"/><net_sink comp="181" pin=0"/></net>

<net id="185"><net_src comp="181" pin="1"/><net_sink comp="54" pin=2"/></net>

<net id="190"><net_src comp="165" pin="2"/><net_sink comp="186" pin=0"/></net>

<net id="196"><net_src comp="119" pin="2"/><net_sink comp="191" pin=0"/></net>

<net id="197"><net_src comp="98" pin="1"/><net_sink comp="191" pin=2"/></net>

<net id="203"><net_src comp="191" pin="3"/><net_sink comp="198" pin=1"/></net>

<net id="204"><net_src comp="98" pin="1"/><net_sink comp="198" pin=2"/></net>

<net id="208"><net_src comp="205" pin="1"/><net_sink comp="65" pin=2"/></net>

<net id="212"><net_src comp="209" pin="1"/><net_sink comp="73" pin=2"/></net>

<net id="218"><net_src comp="119" pin="2"/><net_sink comp="213" pin=0"/></net>

<net id="224"><net_src comp="213" pin="3"/><net_sink comp="219" pin=1"/></net>

<net id="232"><net_src comp="225" pin="1"/><net_sink comp="228" pin=1"/></net>

<net id="236"><net_src comp="233" pin="1"/><net_sink comp="81" pin=2"/></net>

<net id="240"><net_src comp="225" pin="1"/><net_sink comp="237" pin=0"/></net>

<net id="241"><net_src comp="237" pin="1"/><net_sink comp="89" pin=2"/></net>

<net id="249"><net_src comp="26" pin="1"/><net_sink comp="246" pin=0"/></net>

<net id="250"><net_src comp="246" pin="1"/><net_sink comp="133" pin=1"/></net>

<net id="251"><net_src comp="246" pin="1"/><net_sink comp="225" pin=0"/></net>

<net id="252"><net_src comp="246" pin="1"/><net_sink comp="242" pin=1"/></net>

<net id="256"><net_src comp="30" pin="2"/><net_sink comp="253" pin=0"/></net>

<net id="257"><net_src comp="253" pin="1"/><net_sink comp="142" pin=1"/></net>

<net id="261"><net_src comp="125" pin="1"/><net_sink comp="258" pin=0"/></net>

<net id="262"><net_src comp="258" pin="1"/><net_sink comp="171" pin=1"/></net>

<net id="263"><net_src comp="258" pin="1"/><net_sink comp="186" pin=1"/></net>

<net id="267"><net_src comp="129" pin="1"/><net_sink comp="264" pin=0"/></net>

<net id="268"><net_src comp="264" pin="1"/><net_sink comp="101" pin=0"/></net>

<net id="275"><net_src comp="147" pin="2"/><net_sink comp="272" pin=0"/></net>

<net id="276"><net_src comp="272" pin="1"/><net_sink comp="112" pin=2"/></net>

<net id="280"><net_src comp="159" pin="2"/><net_sink comp="277" pin=0"/></net>

<net id="281"><net_src comp="277" pin="1"/><net_sink comp="191" pin=1"/></net>

<net id="285"><net_src comp="165" pin="2"/><net_sink comp="282" pin=0"/></net>

<net id="286"><net_src comp="282" pin="1"/><net_sink comp="209" pin=0"/></net>

<net id="287"><net_src comp="282" pin="1"/><net_sink comp="213" pin=1"/></net>

<net id="291"><net_src comp="171" pin="2"/><net_sink comp="288" pin=0"/></net>

<net id="292"><net_src comp="288" pin="1"/><net_sink comp="198" pin=0"/></net>

<net id="296"><net_src comp="42" pin="3"/><net_sink comp="293" pin=0"/></net>

<net id="297"><net_src comp="293" pin="1"/><net_sink comp="49" pin=0"/></net>

<net id="301"><net_src comp="54" pin="3"/><net_sink comp="298" pin=0"/></net>

<net id="302"><net_src comp="298" pin="1"/><net_sink comp="49" pin=3"/></net>

<net id="306"><net_src comp="186" pin="2"/><net_sink comp="303" pin=0"/></net>

<net id="307"><net_src comp="303" pin="1"/><net_sink comp="219" pin=0"/></net>

<net id="311"><net_src comp="198" pin="3"/><net_sink comp="308" pin=0"/></net>

<net id="312"><net_src comp="308" pin="1"/><net_sink comp="205" pin=0"/></net>

<net id="313"><net_src comp="308" pin="1"/><net_sink comp="213" pin=2"/></net>

<net id="314"><net_src comp="308" pin="1"/><net_sink comp="219" pin=2"/></net>

<net id="318"><net_src comp="65" pin="3"/><net_sink comp="315" pin=0"/></net>

<net id="319"><net_src comp="315" pin="1"/><net_sink comp="49" pin=0"/></net>

<net id="323"><net_src comp="73" pin="3"/><net_sink comp="320" pin=0"/></net>

<net id="324"><net_src comp="320" pin="1"/><net_sink comp="49" pin=3"/></net>

<net id="328"><net_src comp="219" pin="3"/><net_sink comp="325" pin=0"/></net>

<net id="329"><net_src comp="325" pin="1"/><net_sink comp="101" pin=2"/></net>

<net id="330"><net_src comp="325" pin="1"/><net_sink comp="228" pin=0"/></net>

<net id="331"><net_src comp="325" pin="1"/><net_sink comp="233" pin=0"/></net>

<net id="332"><net_src comp="325" pin="1"/><net_sink comp="242" pin=0"/></net>

<net id="336"><net_src comp="228" pin="2"/><net_sink comp="333" pin=0"/></net>

<net id="340"><net_src comp="81" pin="3"/><net_sink comp="337" pin=0"/></net>

<net id="341"><net_src comp="337" pin="1"/><net_sink comp="49" pin=0"/></net>

<net id="345"><net_src comp="89" pin="3"/><net_sink comp="342" pin=0"/></net>

<net id="346"><net_src comp="342" pin="1"/><net_sink comp="49" pin=3"/></net>

<net id="350"><net_src comp="49" pin="2"/><net_sink comp="347" pin=0"/></net>

<net id="351"><net_src comp="347" pin="1"/><net_sink comp="49" pin=4"/></net>

</net_list>

</model> 
---------------- Datapath Model END ------------------

* FSMD analyzer results:
  - Output states:
	Port: A | {7 8 }
 - Input state : 
	Port: heapSort_maxHeapify_noRecurv : startA | {1 }
	Port: heapSort_maxHeapify_noRecurv : endA | {1 }
	Port: heapSort_maxHeapify_noRecurv : A | {2 3 4 5 6 7 }
  - Chain level:
	State 1
		stg_14 : 1
	State 2
		i_cast : 1
		tmp : 2
		i_1 : 1
		stg_22 : 3
		tmp_1 : 1
		current_4 : 1
		current_5 : 1
		tmp_4 : 1
		tmp_5 : 1
		A_addr : 2
		A_load : 3
		tmp_6 : 1
		A_addr_1 : 2
		A_load_1 : 3
		tmp_8 : 2
	State 3
		tmp_7 : 1
		p_current : 2
		current_1 : 3
	State 4
		A_addr_2 : 1
		A_load_2 : 2
		A_addr_3 : 1
		A_load_3 : 2
	State 5
		tmp_2 : 1
		p_current_1 : 2
		startA_assign : 3
	State 6
		tmp_3 : 1
		stg_53 : 2
		A_addr_4 : 1
		temp : 2
		tmp_11 : 1
		A_addr_5 : 2
		A_load_5 : 3
	State 7
		stg_63 : 1
	State 8


============================================================
+ Verbose Summary: Datapath Resource usage 
============================================================

* Functional unit list:
|----------|------------------------|---------|---------|
| Operation|     Functional Unit    |    FF   |   LUT   |
|----------|------------------------|---------|---------|
|          |    p_current_fu_191    |    0    |    16   |
|  select  |    current_1_fu_198    |    0    |    16   |
|          |   p_current_1_fu_213   |    0    |    16   |
|          |  startA_assign_fu_219  |    0    |    16   |
|----------|------------------------|---------|---------|
|          |       grp_fu_119       |    0    |    6    |
|          |       tmp_fu_142       |    0    |    4    |
|   icmp   |      tmp_4_fu_171      |    0    |    6    |
|          |      tmp_8_fu_186      |    0    |    6    |
|          |      tmp_3_fu_228      |    0    |    6    |
|----------|------------------------|---------|---------|
|    add   |       i_1_fu_147       |    0    |    9    |
|          |    current_5_fu_165    |    0    |    16   |
|----------|------------------------|---------|---------|
|   read   |  endA_read_read_fu_30  |    0    |    0    |
|          | startA_read_read_fu_36 |    0    |    0    |
|----------|------------------------|---------|---------|
|          |    endA_cast1_fu_125   |    0    |    0    |
|   zext   |   startA_cast_fu_129   |    0    |    0    |
|          |      i_cast_fu_138     |    0    |    0    |
|----------|------------------------|---------|---------|
|    shl   |      tmp_1_fu_153      |    0    |    0    |
|----------|------------------------|---------|---------|
|    or    |    current_4_fu_159    |    0    |    0    |
|----------|------------------------|---------|---------|
|          |      tmp_5_fu_176      |    0    |    0    |
|          |      tmp_6_fu_181      |    0    |    0    |
|   sext   |      tmp_9_fu_205      |    0    |    0    |
|          |      tmp_s_fu_209      |    0    |    0    |
|          |      tmp_10_fu_233     |    0    |    0    |
|          |      tmp_11_fu_237     |    0    |    0    |
|----------|------------------------|---------|---------|
|   Total  |                        |    0    |   117   |
|----------|------------------------|---------|---------|

Memories:
N/A

* Register list:
+---------------------+--------+
|                     |   FF   |
+---------------------+--------+
|   A_addr_1_reg_298  |    8   |
|   A_addr_2_reg_315  |    8   |
|   A_addr_3_reg_320  |    8   |
|   A_addr_4_reg_337  |    8   |
|   A_addr_5_reg_342  |    8   |
|    A_addr_reg_293   |    8   |
|  current_1_reg_308  |   16   |
|  current_4_reg_277  |   16   |
|  current_5_reg_282  |   16   |
|    current_reg_98   |   16   |
|  endA_cast1_reg_258 |   16   |
|  endA_read_reg_253  |   10   |
|     i_1_reg_272     |    9   |
|      i_reg_108      |    9   |
|     p_0_reg_246     |   16   |
|startA_assign_reg_325|   16   |
| startA_cast_reg_264 |   16   |
|     temp_reg_347    |   16   |
|    tmp_3_reg_333    |    1   |
|    tmp_4_reg_288    |    1   |
|    tmp_8_reg_303    |    1   |
+---------------------+--------+
|        Total        |   223  |
+---------------------+--------+

* Multiplexer (MUX) list: 
|------------------|------|------|------|--------||---------||---------|
|       Comp       |  Pin | Size |  BW  | S x BW ||  Delay  ||   LUT   |
|------------------|------|------|------|--------||---------||---------|
| grp_access_fu_49 |  p0  |   6  |   8  |   48   ||    8    |
| grp_access_fu_49 |  p3  |   6  |   8  |   48   ||    8    |
|------------------|------|------|------|--------||---------||---------|
|       Total      |      |      |      |   96   ||  3.878  ||    16   |
|------------------|------|------|------|--------||---------||---------|



* Summary:
+-----------+--------+--------+--------+
|           |  Delay |   FF   |   LUT  |
+-----------+--------+--------+--------+
|  Function |    -   |    0   |   117  |
|   Memory  |    -   |    -   |    -   |
|Multiplexer|    3   |    -   |   16   |
|  Register |    -   |   223  |    -   |
+-----------+--------+--------+--------+
|   Total   |    3   |   223  |   133  |
+-----------+--------+--------+--------+
