

================================================================
== Vivado HLS Report for 'insertionSort'
================================================================
* Date:           Fri Jul 09 21:09:17 2021

* Version:        2016.1 (Build 1538259 on Fri Apr 08 16:12:49 MDT 2016)
* Project:        insertion_sort
* Solution:       solution1
* Product family: artix7
* Target device:  xc7a100tcsg324-1


================================================================
== Performance Estimates
================================================================
+ Timing (ns): 
    * Summary: 
    +--------+-------+----------+------------+
    |  Clock | Target| Estimated| Uncertainty|
    +--------+-------+----------+------------+
    |ap_clk  |  10.00|      5.48|        1.25|
    +--------+-------+----------+------------+

+ Latency (clock cycles): 
    * Summary: 
    +-----+--------+-----+--------+---------+
    |    Latency   |   Interval   | Pipeline|
    | min |   max  | min |   max  |   Type  |
    +-----+--------+-----+--------+---------+
    |    1|  130563|    2|  130564|   none  |
    +-----+--------+-----+--------+---------+

    + Detail: 
        * Instance: 
        N/A

        * Loop: 
        +-------------+------+--------+----------+-----------+-----------+---------+----------+
        |             |    Latency    | Iteration|  Initiation Interval  |   Trip  |          |
        |  Loop Name  |  min |   max  |  Latency |  achieved |   target  |  Count  | Pipelined|
        +-------------+------+--------+----------+-----------+-----------+---------+----------+
        |- Loop 1     |  1020|  130560|  4 ~ 512 |          -|          -|      255|    no    |
        | + Loop 1.1  |     2|     510|         2|          -|          -| 1 ~ 255 |    no    |
        +-------------+------+--------+----------+-----------+-----------+---------+----------+

============================================================
+ Verbose Summary: Synthesis Manager
============================================================
InlineROM: 1
ExposeGlobal: 0
============================================================
+ Verbose Summary: CDFG Model
============================================================
IsTopModel: 1
ResetActiveHigh: 1
IsCombinational: 0
IsDatapathOnly: 0
HasWiredReturn: 1
HasMFsm: 0
HasVarLatency: 1
IsPipeline: 0
IsRtlPipelined: 0
IsInstanceOverlapped: 0
IsDontTouch: 0
HasImplIP: 0
IsGatedGlobalClock: 0


============================================================
+ Verbose Summary: Schedule
============================================================
* Number of FSM states: 6
* Pipeline: 0
* Dataflow Pipeline: 0

* FSM state transitions: 
1 --> 
	2  / (!icmp)
	6  / (icmp)
2 --> 
	3  / (!flagFill_load & !exitcond_i)
	5  / (flagFill_load) | (exitcond_i)
3 --> 
	4  / (tmp_i)
	2  / (!tmp_i)
4 --> 
	3  / true
5 --> 
	6  / true
6 --> 
* FSM state operations: 

 <State 1>: 2.71ns
ST_1: stg_7 [1/1] 0.00ns
codeRepl:0  call void (...)* @_ssdm_op_SpecBitsMap(i16* %agg_result_data), !map !7

ST_1: stg_8 [1/1] 0.00ns
codeRepl:1  call void (...)* @_ssdm_op_SpecBitsMap(i1* %agg_result_done_V), !map !11

ST_1: stg_9 [1/1] 0.00ns
codeRepl:2  call void (...)* @_ssdm_op_SpecBitsMap(i16 %dataIn), !map !15

ST_1: stg_10 [1/1] 0.00ns
codeRepl:3  call void (...)* @_ssdm_op_SpecBitsMap(i8 %posOutData), !map !21

ST_1: posOutData_read [1/1] 0.00ns
codeRepl:4  %posOutData_read = call i8 @_ssdm_op_Read.ap_auto.i8(i8 %posOutData)

ST_1: dataIn_read [1/1] 0.00ns
codeRepl:5  %dataIn_read = call i16 @_ssdm_op_Read.ap_auto.i16(i16 %dataIn)

ST_1: stg_13 [1/1] 0.00ns
codeRepl:6  call void (...)* @_ssdm_op_SpecTopModule([14 x i8]* @insertionSort_str) nounwind

ST_1: count_load [1/1] 0.00ns
codeRepl:7  %count_load = load i16* @count, align 2

ST_1: tmp [1/1] 0.00ns
codeRepl:8  %tmp = call i8 @_ssdm_op_PartSelect.i8.i16.i32.i32(i16 %count_load, i32 8, i32 15)

ST_1: icmp [1/1] 2.47ns
codeRepl:9  %icmp = icmp slt i8 %tmp, 1

ST_1: sOutData_done_V_load [1/1] 0.00ns
codeRepl:10  %sOutData_done_V_load = load i1* @sOutData_done_V, align 1

ST_1: stg_18 [1/1] 0.00ns
codeRepl:11  br i1 %icmp, label %0, label %1

ST_1: flagFill_load [1/1] 0.00ns
:0  %flagFill_load = load i1* @flagFill, align 1

ST_1: stg_20 [1/1] 1.57ns
:1  br i1 %flagFill_load, label %._crit_edge7, label %.preheader

ST_1: tmp_1 [1/1] 0.00ns
:0  %tmp_1 = sext i16 %count_load to i64

ST_1: A_addr [1/1] 0.00ns
:1  %A_addr = getelementptr inbounds [256 x i16]* @A, i64 0, i64 %tmp_1

ST_1: stg_23 [1/1] 2.71ns
:2  store i16 %dataIn_read, i16* %A_addr, align 2

ST_1: tmp_2 [1/1] 1.91ns
:3  %tmp_2 = add i16 %count_load, 1

ST_1: stg_25 [1/1] 0.00ns
:4  store i16 %tmp_2, i16* @count, align 2

ST_1: sOutData_data_load [1/1] 0.00ns
:5  %sOutData_data_load = load i16* @sOutData_data, align 2

ST_1: stg_27 [1/1] 1.57ns
:6  br label %5


 <State 2>: 4.08ns
ST_2: i_i [1/1] 0.00ns
.preheader:0  %i_i = phi i9 [ %i, %4 ], [ 1, %1 ]

ST_2: exitcond_i [1/1] 2.51ns
.preheader:1  %exitcond_i = icmp eq i9 %i_i, -256

ST_2: empty [1/1] 0.00ns
.preheader:2  %empty = call i32 (...)* @_ssdm_op_SpecLoopTripCount(i64 255, i64 255, i64 255)

ST_2: stg_31 [1/1] 1.57ns
.preheader:3  br i1 %exitcond_i, label %insertionAlgorithm.exit, label %.preheader.i

ST_2: stg_32 [1/1] 0.00ns
insertionAlgorithm.exit:0  store i1 true, i1* @sOutData_done_V, align 2

ST_2: stg_33 [1/1] 0.00ns
insertionAlgorithm.exit:1  store i1 true, i1* @flagFill, align 1

ST_2: stg_34 [1/1] 1.57ns
insertionAlgorithm.exit:2  br label %._crit_edge7

ST_2: mem_index_gep4_cast [1/1] 0.00ns
._crit_edge7:1  %mem_index_gep4_cast = sext i8 %posOutData_read to i11

ST_2: adjSize [1/1] 0.00ns
._crit_edge7:2  %adjSize = zext i11 %mem_index_gep4_cast to i64

ST_2: tmp_3 [1/1] 0.00ns
._crit_edge7:3  %tmp_3 = call i1 @_ssdm_op_BitSelect.i1.i8.i32(i8 %posOutData_read, i32 7)

ST_2: gepindex2 [1/1] 1.37ns
._crit_edge7:4  %gepindex2 = select i1 %tmp_3, i64 255, i64 %adjSize

ST_2: A_addr_3 [1/1] 0.00ns
._crit_edge7:5  %A_addr_3 = getelementptr [256 x i16]* @A, i64 0, i64 %gepindex2

ST_2: A_load [2/2] 2.71ns
._crit_edge7:6  %A_load = load i16* %A_addr_3, align 2


 <State 3>: 4.50ns
ST_3: j_0_in_i [1/1] 0.00ns
.preheader.i:0  %j_0_in_i = phi i9 [ %j, %._crit_edge.i ], [ %i_i, %.preheader ]

ST_3: j_0_in_i_cast [1/1] 0.00ns
.preheader.i:1  %j_0_in_i_cast = sext i9 %j_0_in_i to i32

ST_3: j [1/1] 1.79ns
.preheader.i:2  %j = add i9 %j_0_in_i, -1

ST_3: j_cast [1/1] 0.00ns
.preheader.i:3  %j_cast = sext i9 %j to i32

ST_3: tmp_i [1/1] 2.51ns
.preheader.i:4  %tmp_i = icmp sgt i9 %j_0_in_i, 0

ST_3: empty_4 [1/1] 0.00ns
.preheader.i:5  %empty_4 = call i32 (...)* @_ssdm_op_SpecLoopTripCount(i64 1, i64 255, i64 0)

ST_3: stg_47 [1/1] 0.00ns
.preheader.i:6  br i1 %tmp_i, label %2, label %4

ST_3: tmp_5_i [1/1] 0.00ns
:0  %tmp_5_i = zext i32 %j_cast to i64

ST_3: A_addr_1 [1/1] 0.00ns
:1  %A_addr_1 = getelementptr [256 x i16]* @A, i64 0, i64 %tmp_5_i

ST_3: temp [2/2] 2.71ns
:2  %temp = load i16* %A_addr_1, align 2

ST_3: tmp_6_i [1/1] 0.00ns
:3  %tmp_6_i = zext i32 %j_0_in_i_cast to i64

ST_3: A_addr_2 [1/1] 0.00ns
:4  %A_addr_2 = getelementptr [256 x i16]* @A, i64 0, i64 %tmp_6_i

ST_3: A_load_1 [2/2] 2.71ns
:5  %A_load_1 = load i16* %A_addr_2, align 2

ST_3: i [1/1] 1.79ns
:0  %i = add i9 %i_i, 1

ST_3: stg_55 [1/1] 0.00ns
:1  br label %.preheader


 <State 4>: 5.48ns
ST_4: temp [1/2] 2.71ns
:2  %temp = load i16* %A_addr_1, align 2

ST_4: A_load_1 [1/2] 2.71ns
:5  %A_load_1 = load i16* %A_addr_2, align 2

ST_4: tmp_7_i [1/1] 2.77ns
:6  %tmp_7_i = icmp sgt i16 %temp, %A_load_1

ST_4: stg_59 [1/1] 0.00ns
:7  br i1 %tmp_7_i, label %3, label %._crit_edge.i

ST_4: stg_60 [1/1] 2.71ns
:0  store i16 %A_load_1, i16* %A_addr_1, align 2

ST_4: stg_61 [1/1] 2.71ns
:1  store i16 %temp, i16* %A_addr_2, align 2

ST_4: stg_62 [1/1] 0.00ns
:2  br label %._crit_edge.i

ST_4: stg_63 [1/1] 0.00ns
._crit_edge.i:0  br label %.preheader.i


 <State 5>: 4.28ns
ST_5: sOutData_done_V_loc [1/1] 0.00ns
._crit_edge7:0  %sOutData_done_V_loc = phi i1 [ true, %insertionAlgorithm.exit ], [ %sOutData_done_V_load, %1 ]

ST_5: A_load [1/2] 2.71ns
._crit_edge7:6  %A_load = load i16* %A_addr_3, align 2

ST_5: stg_66 [1/1] 0.00ns
._crit_edge7:7  store i16 %A_load, i16* @sOutData_data, align 2

ST_5: stg_67 [1/1] 1.57ns
._crit_edge7:8  br label %5


 <State 6>: 0.00ns
ST_6: storemerge1 [1/1] 0.00ns
:0  %storemerge1 = phi i16 [ %A_load, %._crit_edge7 ], [ %sOutData_data_load, %0 ]

ST_6: storemerge [1/1] 0.00ns
:1  %storemerge = phi i1 [ %sOutData_done_V_loc, %._crit_edge7 ], [ %sOutData_done_V_load, %0 ]

ST_6: stg_70 [1/1] 0.00ns
:2  call void @_ssdm_op_Write.ap_auto.i16P(i16* %agg_result_data, i16 %storemerge1)

ST_6: stg_71 [1/1] 0.00ns
:3  call void @_ssdm_op_Write.ap_auto.i1P(i1* %agg_result_done_V, i1 %storemerge)

ST_6: stg_72 [1/1] 0.00ns
:4  ret void



============================================================
+ Verbose Summary: Timing violations
============================================================
Target clock period: 10ns, clock uncertainty: 1.25ns.

 No timing violations. 


============================================================
+ Verbose Summary: Binding
============================================================
N/A
* FSMD analyzer results:
  - Output states:
 - Input state : 
  - Chain level:
	State 1
	State 2
	State 3
	State 4
	State 5
	State 6


============================================================
+ Verbose Summary: Datapath Resource usage 
============================================================
N/A
