

================================================================
== Vivado HLS Report for 'heapSort_maxHeapify_noRecurv'
================================================================
* Date:           Thu Jul 15 22:19:03 2021

* Version:        2016.1 (Build 1538259 on Fri Apr 08 16:12:49 MDT 2016)
* Project:        heapSort
* Solution:       solution1
* Product family: artix7
* Target device:  xc7a100tcsg324-1


================================================================
== Performance Estimates
================================================================
+ Timing (ns): 
    * Summary: 
    +--------+-------+----------+------------+
    |  Clock | Target| Estimated| Uncertainty|
    +--------+-------+----------+------------+
    |ap_clk  |  10.00|      6.85|        1.25|
    +--------+-------+----------+------------+

+ Latency (clock cycles): 
    * Summary: 
    +-----+------+-----+------+---------+
    |   Latency  |  Interval  | Pipeline|
    | min |  max | min |  max |   Type  |
    +-----+------+-----+------+---------+
    |    1|  1793|    1|  1793|   none  |
    +-----+------+-----+------+---------+

    + Detail: 
        * Instance: 
        N/A

        * Loop: 
        +----------+-----+------+----------+-----------+-----------+---------+----------+
        |          |   Latency  | Iteration|  Initiation Interval  |   Trip  |          |
        | Loop Name| min |  max |  Latency |  achieved |   target  |  Count  | Pipelined|
        +----------+-----+------+----------+-----------+-----------+---------+----------+
        |- Loop 1  |    0|  1792|   6 ~ 7  |          -|          -| 0 ~ 256 |    no    |
        +----------+-----+------+----------+-----------+-----------+---------+----------+



================================================================
== Utilization Estimates
================================================================
* Summary: 
+-----------------+---------+-------+--------+-------+
|       Name      | BRAM_18K| DSP48E|   FF   |  LUT  |
+-----------------+---------+-------+--------+-------+
|DSP              |        -|      -|       -|      -|
|Expression       |        -|      -|       0|    136|
|FIFO             |        -|      -|       -|      -|
|Instance         |        -|      -|       -|      -|
|Memory           |        -|      -|       -|      -|
|Multiplexer      |        -|      -|       -|     61|
|Register         |        -|      -|     165|      -|
+-----------------+---------+-------+--------+-------+
|Total            |        0|      0|     165|    197|
+-----------------+---------+-------+--------+-------+
|Available        |      270|    240|  126800|  63400|
+-----------------+---------+-------+--------+-------+
|Utilization (%)  |        0|      0|   ~0   |   ~0  |
+-----------------+---------+-------+--------+-------+

+ Detail: 
    * Instance: 
    N/A

    * DSP48: 
    N/A

    * Memory: 
    N/A

    * FIFO: 
    N/A

    * Expression: 
    +-------------------------+----------+-------+---+----+------------+------------+
    |      Variable Name      | Operation| DSP48E| FF| LUT| Bitwidth P0| Bitwidth P1|
    +-------------------------+----------+-------+---+----+------------+------------+
    |current_5_fu_165_p2      |     +    |      0|  0|  16|           2|          16|
    |i_1_fu_147_p2            |     +    |      0|  0|   9|           9|           1|
    |grp_fu_119_p2            |   icmp   |      0|  0|   6|          16|          16|
    |tmp_3_fu_228_p2          |   icmp   |      0|  0|   6|          16|          16|
    |tmp_4_fu_171_p2          |   icmp   |      0|  0|   6|          16|          16|
    |tmp_8_fu_186_p2          |   icmp   |      0|  0|   6|          16|          16|
    |tmp_fu_142_p2            |   icmp   |      0|  0|   4|          10|          10|
    |current_4_fu_159_p2      |    or    |      0|  0|  19|          16|           1|
    |current_1_fu_198_p3      |  select  |      0|  0|  16|           1|          16|
    |p_current_1_fu_213_p3    |  select  |      0|  0|  16|           1|          16|
    |p_current_fu_191_p3      |  select  |      0|  0|  16|           1|          16|
    |startA_assign_fu_219_p3  |  select  |      0|  0|  16|           1|          16|
    +-------------------------+----------+-------+---+----+------------+------------+
    |Total                    |          |      0|  0| 136|         105|         156|
    +-------------------------+----------+-------+---+----+------------+------------+

    * Multiplexer: 
    +----------------+----+-----------+-----+-----------+
    |      Name      | LUT| Input Size| Bits| Total Bits|
    +----------------+----+-----------+-----+-----------+
    |A_address0      |   8|          5|    8|         40|
    |A_address1      |   8|          5|    8|         40|
    |ap_NS_fsm       |   4|          9|    1|          9|
    |current_reg_98  |  16|          2|   16|         32|
    |i_reg_108       |   9|          2|    9|         18|
    |p_0_fu_26       |  16|          2|   16|         32|
    +----------------+----+-----------+-----+-----------+
    |Total           |  61|         25|   58|        171|
    +----------------+----+-----------+-----+-----------+

    * Register: 
    +-----------------------+----+----+-----+-----------+
    |          Name         | FF | LUT| Bits| Const Bits|
    +-----------------------+----+----+-----+-----------+
    |A_addr_4_reg_337       |   8|   0|    8|          0|
    |A_addr_5_reg_342       |   8|   0|    8|          0|
    |ap_CS_fsm              |   8|   0|    8|          0|
    |current_1_reg_308      |  16|   0|   16|          0|
    |current_4_reg_277      |  15|   0|   16|          1|
    |current_5_reg_282      |  15|   0|   16|          1|
    |current_reg_98         |  16|   0|   16|          0|
    |endA_cast1_reg_258     |  10|   0|   16|          6|
    |i_1_reg_272            |   9|   0|    9|          0|
    |i_reg_108              |   9|   0|    9|          0|
    |p_0_fu_26              |  16|   0|   16|          0|
    |startA_assign_reg_325  |  16|   0|   16|          0|
    |temp_reg_347           |  16|   0|   16|          0|
    |tmp_3_reg_333          |   1|   0|    1|          0|
    |tmp_4_reg_288          |   1|   0|    1|          0|
    |tmp_8_reg_303          |   1|   0|    1|          0|
    +-----------------------+----+----+-----+-----------+
    |Total                  | 165|   0|  173|          8|
    +-----------------------+----+----+-----+-----------+



================================================================
== Interface
================================================================
* Summary: 
+------------+-----+-----+------------+------------------------------+--------------+
|  RTL Ports | Dir | Bits|  Protocol  |         Source Object        |    C Type    |
+------------+-----+-----+------------+------------------------------+--------------+
|ap_clk      |  in |    1| ap_ctrl_hs | heapSort_maxHeapify_noRecurv | return value |
|ap_rst      |  in |    1| ap_ctrl_hs | heapSort_maxHeapify_noRecurv | return value |
|ap_start    |  in |    1| ap_ctrl_hs | heapSort_maxHeapify_noRecurv | return value |
|ap_done     | out |    1| ap_ctrl_hs | heapSort_maxHeapify_noRecurv | return value |
|ap_idle     | out |    1| ap_ctrl_hs | heapSort_maxHeapify_noRecurv | return value |
|ap_ready    | out |    1| ap_ctrl_hs | heapSort_maxHeapify_noRecurv | return value |
|startA      |  in |    8|   ap_none  |            startA            |    scalar    |
|endA        |  in |   10|   ap_none  |             endA             |    scalar    |
|A_address0  | out |    8|  ap_memory |               A              |     array    |
|A_ce0       | out |    1|  ap_memory |               A              |     array    |
|A_we0       | out |    1|  ap_memory |               A              |     array    |
|A_d0        | out |   16|  ap_memory |               A              |     array    |
|A_q0        |  in |   16|  ap_memory |               A              |     array    |
|A_address1  | out |    8|  ap_memory |               A              |     array    |
|A_ce1       | out |    1|  ap_memory |               A              |     array    |
|A_we1       | out |    1|  ap_memory |               A              |     array    |
|A_d1        | out |   16|  ap_memory |               A              |     array    |
|A_q1        |  in |   16|  ap_memory |               A              |     array    |
+------------+-----+-----+------------+------------------------------+--------------+

